Component: ARM Compiler 5.06 update 1 (build 61) Tool: armlink [4d35a8]

==============================================================================

Section Cross References

    main.o(i.main) refers to gpio.o(i._ZN4GPIOC1Ej) for GPIO::GPIO(unsigned)
    main.o(i.main) refers to gpio.o(i._ZN4GPIO9setPinOutEv) for GPIO::setPinOut()
    main.o(i.main) refers to twi.o(i._ZN3TWIC1Ejj) for TWI::TWI(unsigned, unsigned)
    main.o(i.main) refers to twi.o(i._ZN3TWI4initEv) for TWI::init()
    main.o(i.main) refers to nrf_delay.o(i.nrf_delay_ms) for nrf_delay_ms
    main.o(i.main) refers to uart.o(i._ZN4UARTC1Ehhj) for UART::UART(unsigned char, unsigned char, unsigned)
    main.o(i.main) refers to uart.o(i._ZN4UART4ReadEPhh) for UART::Read(unsigned char*, unsigned char)
    main.o(i.main) refers to uart.o(i._ZN4UART5closeEv) for UART::close()
    main.o(i.main) refers to uart.o(i._ZN4UART5WriteEPhh) for UART::Write(unsigned char*, unsigned char)
    main.o(i.main) refers to printf2.o(i.__0printf$2) for __2printf
    main.o(i.main) refers to twi.o(i._ZN3TWI5WriteEhPhh) for TWI::Write(unsigned char, unsigned char*, unsigned char)
    main.o(i.main) refers to twi.o(i._ZN3TWI4ReadEhPhh) for TWI::Read(unsigned char, unsigned char*, unsigned char)
    main.o(i.main) refers to app_error.o(i.app_error_handler_bare) for app_error_handler_bare
    main.o(i.main) refers to main.o(.data) for .data
    main.o(.ARM.exidx) refers to main.o(i.main) for i.main
    app_uart_fifo.o(i.app_uart_close) refers to nrf_drv_uart.o(i.nrf_drv_uart_uninit) for nrf_drv_uart_uninit
    app_uart_fifo.o(i.app_uart_flush) refers to app_fifo.o(i.app_fifo_flush) for app_fifo_flush
    app_uart_fifo.o(i.app_uart_flush) refers to app_uart_fifo.o(.bss) for .bss
    app_uart_fifo.o(i.app_uart_get) refers to nrf_drv_uart.o(i.nrf_drv_uart_rx) for nrf_drv_uart_rx
    app_uart_fifo.o(i.app_uart_get) refers to app_fifo.o(i.app_fifo_get) for app_fifo_get
    app_uart_fifo.o(i.app_uart_get) refers to app_uart_fifo.o(.bss) for .bss
    app_uart_fifo.o(i.app_uart_get) refers to app_uart_fifo.o(.data) for .data
    app_uart_fifo.o(i.app_uart_init) refers to app_fifo.o(i.app_fifo_init) for app_fifo_init
    app_uart_fifo.o(i.app_uart_init) refers to memcpya.o(.text) for __aeabi_memcpy4
    app_uart_fifo.o(i.app_uart_init) refers to nrf_drv_uart.o(i.nrf_drv_uart_init) for nrf_drv_uart_init
    app_uart_fifo.o(i.app_uart_init) refers to nrf_drv_uart.o(i.nrf_drv_uart_rx_enable) for nrf_drv_uart_rx_enable
    app_uart_fifo.o(i.app_uart_init) refers to nrf_drv_uart.o(i.nrf_drv_uart_rx) for nrf_drv_uart_rx
    app_uart_fifo.o(i.app_uart_init) refers to app_uart_fifo.o(.data) for .data
    app_uart_fifo.o(i.app_uart_init) refers to app_uart_fifo.o(.bss) for .bss
    app_uart_fifo.o(i.app_uart_init) refers to app_uart_fifo.o(.constdata) for .constdata
    app_uart_fifo.o(i.app_uart_init) refers to app_uart_fifo.o(i.uart_event_handler) for uart_event_handler
    app_uart_fifo.o(i.app_uart_put) refers to app_fifo.o(i.app_fifo_put) for app_fifo_put
    app_uart_fifo.o(i.app_uart_put) refers to nrf_drv_uart.o(i.nrf_drv_uart_tx_in_progress) for nrf_drv_uart_tx_in_progress
    app_uart_fifo.o(i.app_uart_put) refers to app_fifo.o(i.app_fifo_get) for app_fifo_get
    app_uart_fifo.o(i.app_uart_put) refers to nrf_drv_uart.o(i.nrf_drv_uart_tx) for nrf_drv_uart_tx
    app_uart_fifo.o(i.app_uart_put) refers to app_uart_fifo.o(.bss) for .bss
    app_uart_fifo.o(i.app_uart_put) refers to app_uart_fifo.o(.data) for .data
    app_uart_fifo.o(i.uart_event_handler) refers to app_fifo.o(i.app_fifo_get) for app_fifo_get
    app_uart_fifo.o(i.uart_event_handler) refers to app_fifo.o(i.app_fifo_put) for app_fifo_put
    app_uart_fifo.o(i.uart_event_handler) refers to nrf_drv_uart.o(i.nrf_drv_uart_rx) for nrf_drv_uart_rx
    app_uart_fifo.o(i.uart_event_handler) refers to nrf_drv_uart.o(i.nrf_drv_uart_tx) for nrf_drv_uart_tx
    app_uart_fifo.o(i.uart_event_handler) refers to app_uart_fifo.o(.data) for .data
    app_uart_fifo.o(i.uart_event_handler) refers to app_uart_fifo.o(.bss) for .bss
    nrf_delay.o(i.nrf_delay_ms) refers to nrf_delay.o(.emb_text) for __asm___11_nrf_delay_c_532987f3__nrf_delay_us
    nrf_drv_twi.o(i.SPIM0_SPIS0_TWIM0_TWIS0_SPI0_TWI0_IRQHandler) refers to nrf_drv_twi.o(i.irq_handler_twim) for irq_handler_twim
    nrf_drv_twi.o(i.SPIM0_SPIS0_TWIM0_TWIS0_SPI0_TWI0_IRQHandler) refers to nrf_drv_twi.o(.bss) for .bss
    nrf_drv_twi.o(i.irq_handler_twim) refers to nrf_drv_twi.o(i.nrf_twim_event_check) for nrf_twim_event_check
    nrf_drv_twi.o(i.nrf_drv_twi_disable) refers to nrf_drv_twi.o(.bss) for .bss
    nrf_drv_twi.o(i.nrf_drv_twi_enable) refers to nrf_drv_twi.o(.bss) for .bss
    nrf_drv_twi.o(i.nrf_drv_twi_init) refers to nrf_drv_twi.o(i.twi_clear_bus) for twi_clear_bus
    nrf_drv_twi.o(i.nrf_drv_twi_init) refers to nrf_drv_common.o(i.nrf_drv_common_irq_enable) for nrf_drv_common_irq_enable
    nrf_drv_twi.o(i.nrf_drv_twi_init) refers to nrf_drv_twi.o(.bss) for .bss
    nrf_drv_twi.o(i.nrf_drv_twi_init) refers to nrf_drv_twi.o(.constdata) for .constdata
    nrf_drv_twi.o(i.nrf_drv_twi_rx) refers to nrf_drv_twi.o(i.nrf_drv_twi_xfer) for nrf_drv_twi_xfer
    nrf_drv_twi.o(i.nrf_drv_twi_rx) refers to nrf_drv_twi.o(.constdata) for .constdata
    nrf_drv_twi.o(i.nrf_drv_twi_tx) refers to nrf_drv_twi.o(i.nrf_drv_twi_xfer) for nrf_drv_twi_xfer
    nrf_drv_twi.o(i.nrf_drv_twi_uninit) refers to nrf_drv_twi.o(i.nrf_drv_twi_disable) for nrf_drv_twi_disable
    nrf_drv_twi.o(i.nrf_drv_twi_uninit) refers to nrf_drv_twi.o(.bss) for .bss
    nrf_drv_twi.o(i.nrf_drv_twi_xfer) refers to nrf_drv_twi.o(i.twim_xfer) for twim_xfer
    nrf_drv_twi.o(i.nrf_drv_twi_xfer) refers to nrf_drv_twi.o(.bss) for .bss
    nrf_drv_twi.o(i.twi_clear_bus) refers to nrf_drv_twi.o(i.nrf_gpio_pin_set) for nrf_gpio_pin_set
    nrf_drv_twi.o(i.twi_clear_bus) refers to nrf_drv_twi.o(.emb_text) for __asm___13_nrf_drv_twi_c_a9bcf68d__nrf_delay_us
    nrf_drv_twi.o(i.twim_xfer) refers to nrf_drv_twi.o(i.nrf_drv_is_in_RAM) for nrf_drv_is_in_RAM
    nrf_drv_twi.o(i.twim_xfer) refers to nrf_drv_twi.o(i.nrf_twim_event_check) for nrf_twim_event_check
    nrf_drv_uart.o(i.UARTE0_UART0_IRQHandler) refers to nrf_drv_uart.o(i.uarte_irq_handler) for uarte_irq_handler
    nrf_drv_uart.o(i.UARTE0_UART0_IRQHandler) refers to nrf_drv_uart.o(i.uart_irq_handler) for uart_irq_handler
    nrf_drv_uart.o(i.UARTE0_UART0_IRQHandler) refers to nrf_drv_uart.o(.bss) for .bss
    nrf_drv_uart.o(i.apply_config) refers to nrf_drv_uart.o(i.nrf_gpio_cfg_output) for nrf_gpio_cfg_output
    nrf_drv_uart.o(i.apply_config) refers to nrf_drv_uart.o(i.nrf_gpio_cfg_input) for nrf_gpio_cfg_input
    nrf_drv_uart.o(i.apply_config) refers to nrf_drv_uart.o(.bss) for .bss
    nrf_drv_uart.o(i.nrf_drv_uart_errorsrc_get) refers to nrf_drv_uart.o(.bss) for .bss
    nrf_drv_uart.o(i.nrf_drv_uart_init) refers to nrf_drv_uart.o(i.apply_config) for apply_config
    nrf_drv_uart.o(i.nrf_drv_uart_init) refers to nrf_drv_common.o(i.nrf_drv_common_irq_enable) for nrf_drv_common_irq_enable
    nrf_drv_uart.o(i.nrf_drv_uart_init) refers to nrf_drv_uart.o(.bss) for .bss
    nrf_drv_uart.o(i.nrf_drv_uart_init) refers to nrf_drv_uart.o(.constdata) for .constdata
    nrf_drv_uart.o(i.nrf_drv_uart_rx) refers to nrf_drv_uart.o(i.nrf_drv_uart_rx_for_uarte) for nrf_drv_uart_rx_for_uarte
    nrf_drv_uart.o(i.nrf_drv_uart_rx) refers to nrf_drv_uart.o(i.nrf_drv_uart_rx_for_uart) for nrf_drv_uart_rx_for_uart
    nrf_drv_uart.o(i.nrf_drv_uart_rx) refers to nrf_drv_uart.o(.bss) for .bss
    nrf_drv_uart.o(i.nrf_drv_uart_rx_abort) refers to nrf_drv_uart.o(.bss) for .bss
    nrf_drv_uart.o(i.nrf_drv_uart_rx_disable) refers to nrf_drv_uart.o(.bss) for .bss
    nrf_drv_uart.o(i.nrf_drv_uart_rx_enable) refers to nrf_drv_uart.o(i.rx_enable) for rx_enable
    nrf_drv_uart.o(i.nrf_drv_uart_rx_enable) refers to nrf_drv_uart.o(.bss) for .bss
    nrf_drv_uart.o(i.nrf_drv_uart_rx_for_uart) refers to nrf_drv_uart.o(i.rx_enable) for rx_enable
    nrf_drv_uart.o(i.nrf_drv_uart_rx_for_uart) refers to nrf_drv_uart.o(i.nrf_uart_event_check) for nrf_uart_event_check
    nrf_drv_uart.o(i.nrf_drv_uart_rx_for_uart) refers to nrf_drv_uart.o(i.rx_byte) for rx_byte
    nrf_drv_uart.o(i.nrf_drv_uart_rx_for_uart) refers to nrf_drv_uart.o(.bss) for .bss
    nrf_drv_uart.o(i.nrf_drv_uart_rx_for_uarte) refers to nrf_drv_uart.o(i.nrf_uarte_event_check) for nrf_uarte_event_check
    nrf_drv_uart.o(i.nrf_drv_uart_rx_for_uarte) refers to nrf_drv_uart.o(.bss) for .bss
    nrf_drv_uart.o(i.nrf_drv_uart_tx) refers to nrf_drv_uart.o(i.nrf_drv_uart_tx_in_progress) for nrf_drv_uart_tx_in_progress
    nrf_drv_uart.o(i.nrf_drv_uart_tx) refers to nrf_drv_uart.o(i.nrf_uarte_event_check) for nrf_uarte_event_check
    nrf_drv_uart.o(i.nrf_drv_uart_tx) refers to nrf_drv_uart.o(i.nrf_drv_uart_tx_for_uart) for nrf_drv_uart_tx_for_uart
    nrf_drv_uart.o(i.nrf_drv_uart_tx) refers to nrf_drv_uart.o(.bss) for .bss
    nrf_drv_uart.o(i.nrf_drv_uart_tx_abort) refers to nrf_drv_uart.o(i.nrf_uarte_event_check) for nrf_uarte_event_check
    nrf_drv_uart.o(i.nrf_drv_uart_tx_abort) refers to nrf_drv_uart.o(i.tx_done_event) for tx_done_event
    nrf_drv_uart.o(i.nrf_drv_uart_tx_abort) refers to nrf_drv_uart.o(.bss) for .bss
    nrf_drv_uart.o(i.nrf_drv_uart_tx_for_uart) refers to nrf_drv_uart.o(i.tx_byte) for tx_byte
    nrf_drv_uart.o(i.nrf_drv_uart_tx_for_uart) refers to nrf_drv_uart.o(i.nrf_uart_event_check) for nrf_uart_event_check
    nrf_drv_uart.o(i.nrf_drv_uart_tx_for_uart) refers to nrf_drv_uart.o(.bss) for .bss
    nrf_drv_uart.o(i.nrf_drv_uart_tx_in_progress) refers to nrf_drv_uart.o(.bss) for .bss
    nrf_drv_uart.o(i.nrf_drv_uart_uninit) refers to nrf_drv_uart.o(i.pins_to_default) for pins_to_default
    nrf_drv_uart.o(i.nrf_drv_uart_uninit) refers to nrf_drv_uart.o(.bss) for .bss
    nrf_drv_uart.o(i.nrf_gpio_cfg_default) refers to nrf_drv_uart.o(i.nrf_gpio_cfg) for nrf_gpio_cfg
    nrf_drv_uart.o(i.nrf_gpio_cfg_input) refers to nrf_drv_uart.o(i.nrf_gpio_cfg) for nrf_gpio_cfg
    nrf_drv_uart.o(i.nrf_gpio_cfg_output) refers to nrf_drv_uart.o(i.nrf_gpio_cfg) for nrf_gpio_cfg
    nrf_drv_uart.o(i.pins_to_default) refers to nrf_drv_uart.o(i.nrf_gpio_cfg_default) for nrf_gpio_cfg_default
    nrf_drv_uart.o(i.rx_byte) refers to nrf_drv_uart.o(.bss) for .bss
    nrf_drv_uart.o(i.rx_done_event) refers to nrf_drv_uart.o(.bss) for .bss
    nrf_drv_uart.o(i.tx_byte) refers to nrf_drv_uart.o(.bss) for .bss
    nrf_drv_uart.o(i.tx_done_event) refers to nrf_drv_uart.o(.bss) for .bss
    nrf_drv_uart.o(i.uart_irq_handler) refers to nrf_drv_uart.o(i.nrf_uart_int_enable_check) for nrf_uart_int_enable_check
    nrf_drv_uart.o(i.uart_irq_handler) refers to nrf_drv_uart.o(i.nrf_uart_event_check) for nrf_uart_event_check
    nrf_drv_uart.o(i.uart_irq_handler) refers to nrf_drv_uart.o(i.rx_byte) for rx_byte
    nrf_drv_uart.o(i.uart_irq_handler) refers to nrf_drv_uart.o(i.rx_done_event) for rx_done_event
    nrf_drv_uart.o(i.uart_irq_handler) refers to nrf_drv_uart.o(i.tx_byte) for tx_byte
    nrf_drv_uart.o(i.uart_irq_handler) refers to nrf_drv_uart.o(i.tx_done_event) for tx_done_event
    nrf_drv_uart.o(i.uart_irq_handler) refers to nrf_drv_uart.o(.bss) for .bss
    nrf_drv_uart.o(i.uarte_irq_handler) refers to nrf_drv_uart.o(i.nrf_uarte_event_check) for nrf_uarte_event_check
    nrf_drv_uart.o(i.uarte_irq_handler) refers to nrf_drv_uart.o(i.rx_done_event) for rx_done_event
    nrf_drv_uart.o(i.uarte_irq_handler) refers to nrf_drv_uart.o(i.tx_done_event) for tx_done_event
    nrf_drv_uart.o(i.uarte_irq_handler) refers to nrf_drv_uart.o(.bss) for .bss
    app_error.o(i.app_error_handler) refers to app_error_weak.o(i.app_error_fault_handler) for app_error_fault_handler
    app_error.o(i.app_error_handler_bare) refers to app_error_weak.o(i.app_error_fault_handler) for app_error_fault_handler
    app_error.o(i.app_error_save_and_stop) refers to app_error.o(.bss) for .bss
    app_fifo.o(i.app_fifo_get) refers to app_fifo.o(i.fifo_get) for fifo_get
    app_fifo.o(i.app_fifo_put) refers to app_fifo.o(i.fifo_put) for fifo_put
    app_fifo.o(i.app_fifo_read) refers to app_fifo.o(i.fifo_get) for fifo_get
    app_fifo.o(i.app_fifo_write) refers to app_fifo.o(i.fifo_put) for fifo_put
    app_util_platform.o(i.app_util_critical_region_enter) refers to app_util_platform.o(i.app_util_disable_irq) for app_util_disable_irq
    app_util_platform.o(i.app_util_critical_region_exit) refers to app_util_platform.o(i.app_util_enable_irq) for app_util_enable_irq
    app_util_platform.o(i.app_util_disable_irq) refers to app_util_platform.o(.data) for .data
    app_util_platform.o(i.app_util_enable_irq) refers to app_util_platform.o(.data) for .data
    retarget.o(i.fgetc) refers to app_uart_fifo.o(i.app_uart_get) for app_uart_get
    retarget.o(i.fputc) refers to app_uart_fifo.o(i.app_uart_put) for app_uart_put
    gpio.o(.ARM.exidx) refers to gpio.o(i._ZN4GPIOC1Ej) for i._ZN4GPIOC1Ej
    gpio.o(.ARM.exidx) refers to gpio.o(i._ZN4GPIO9setPinOutEv) for i._ZN4GPIO9setPinOutEv
    gpio.o(.ARM.exidx) refers to gpio.o(i._ZN4GPIO7PinHIGHEv) for i._ZN4GPIO7PinHIGHEv
    gpio.o(.ARM.exidx) refers to gpio.o(i._ZN4GPIO6PinLOWEv) for i._ZN4GPIO6PinLOWEv
    gpio.o(.ARM.exidx) refers to gpio.o(i._ZN4GPIO9PinToggleEv) for i._ZN4GPIO9PinToggleEv
    twi.o(i._ZN3TWI4ReadEhPhh) refers to nrf_drv_twi.o(i.nrf_drv_twi_rx) for nrf_drv_twi_rx
    twi.o(i._ZN3TWI4ReadEhPhh) refers to twi.o(.constdata) for .constdata
    twi.o(i._ZN3TWI4initEv) refers to nrf_drv_twi.o(i.nrf_drv_twi_init) for nrf_drv_twi_init
    twi.o(i._ZN3TWI4initEv) refers to app_error.o(i.app_error_handler_bare) for app_error_handler_bare
    twi.o(i._ZN3TWI4initEv) refers to nrf_drv_twi.o(i.nrf_drv_twi_enable) for nrf_drv_twi_enable
    twi.o(i._ZN3TWI4initEv) refers to nrf_delay.o(i.nrf_delay_ms) for nrf_delay_ms
    twi.o(i._ZN3TWI4initEv) refers to twi.o(.constdata) for .constdata
    twi.o(i._ZN3TWI5WriteEhPhh) refers to nrf_drv_twi.o(i.nrf_drv_twi_tx) for nrf_drv_twi_tx
    twi.o(i._ZN3TWI5WriteEhPhh) refers to twi.o(.constdata) for .constdata
    twi.o(.ARM.exidx) refers to twi.o(i._ZN3TWIC1Ejj) for i._ZN3TWIC1Ejj
    twi.o(.ARM.exidx) refers to twi.o(i._ZN3TWI4initEv) for i._ZN3TWI4initEv
    twi.o(.ARM.exidx) refers to twi.o(i._ZN3TWI4ReadEhPhh) for i._ZN3TWI4ReadEhPhh
    twi.o(.ARM.exidx) refers to twi.o(i._ZN3TWI5WriteEhPhh) for i._ZN3TWI5WriteEhPhh
    timers.o(i._Z10Delay_msecj) refers to nrf_delay.o(i.nrf_delay_ms) for nrf_delay_ms
    timers.o(.ARM.exidx) refers to timers.o(i._Z10Delay_msecj) for i._Z10Delay_msecj
    uart.o(i._ZN4UART11uart_configEv) refers to app_uart_fifo.o(i.app_uart_init) for app_uart_init
    uart.o(i._ZN4UART11uart_configEv) refers to app_error.o(i.app_error_handler_bare) for app_error_handler_bare
    uart.o(i._ZN4UART11uart_configEv) refers to uart.o(.constdata) for .constdata
    uart.o(i._ZN4UART11uart_configEv) refers to uart.o(.bss) for .bss
    uart.o(i._ZN4UART11uart_configEv) refers to uart.o(i._ZN4UART19uart_events_handlerEP14app_uart_evt_t) for UART::uart_events_handler(app_uart_evt_t*)
    uart.o(i._ZN4UART19uart_events_handlerEP14app_uart_evt_t) refers to app_error.o(i.app_error_handler_bare) for app_error_handler_bare
    uart.o(i._ZN4UART4ReadEPhh) refers to app_uart_fifo.o(i.app_uart_get) for app_uart_get
    uart.o(i._ZN4UART5WriteEPhh) refers to app_uart_fifo.o(i.app_uart_put) for app_uart_put
    uart.o(i._ZN4UART5closeEv) refers to app_uart_fifo.o(i.app_uart_close) for app_uart_close
    uart.o(i._ZN4UART5flushEv) refers to app_uart_fifo.o(i.app_uart_flush) for app_uart_flush
    uart.o(i._ZN4UARTC1Ehhj) refers to uart.o(i._ZN4UART11uart_configEv) for UART::uart_config()
    uart.o(.ARM.exidx) refers to uart.o(i._ZN4UART19uart_events_handlerEP14app_uart_evt_t) for i._ZN4UART19uart_events_handlerEP14app_uart_evt_t
    uart.o(.ARM.exidx) refers to uart.o(i._ZN4UART11uart_configEv) for i._ZN4UART11uart_configEv
    uart.o(.ARM.exidx) refers to uart.o(i._ZN4UARTC1Ehhj) for i._ZN4UARTC1Ehhj
    uart.o(.ARM.exidx) refers to uart.o(i._ZN4UART5flushEv) for i._ZN4UART5flushEv
    uart.o(.ARM.exidx) refers to uart.o(i._ZN4UART5closeEv) for i._ZN4UART5closeEv
    uart.o(.ARM.exidx) refers to uart.o(i._ZN4UART4ReadEPhh) for i._ZN4UART4ReadEPhh
    uart.o(.ARM.exidx) refers to uart.o(i._ZN4UART5WriteEPhh) for i._ZN4UART5WriteEPhh
    arm_startup_nrf52.o(RESET) refers to arm_startup_nrf52.o(STACK) for __initial_sp
    arm_startup_nrf52.o(RESET) refers to arm_startup_nrf52.o(.text) for Reset_Handler
    arm_startup_nrf52.o(RESET) refers to nrf_drv_uart.o(i.UARTE0_UART0_IRQHandler) for UARTE0_UART0_IRQHandler
    arm_startup_nrf52.o(RESET) refers to nrf_drv_twi.o(i.SPIM0_SPIS0_TWIM0_TWIS0_SPI0_TWI0_IRQHandler) for SPIM0_SPIS0_TWIM0_TWIS0_SPI0_TWI0_IRQHandler
    arm_startup_nrf52.o(.text) refers to system_nrf52.o(i.SystemInit) for SystemInit
    arm_startup_nrf52.o(.text) refers to entry.o(.ARM.Collect$$$$00000000) for __main
    system_nrf52.o(i.SystemCoreClockUpdate) refers to system_nrf52.o(.data) for .data
    system_nrf52.o(i.SystemInit) refers to system_nrf52.o(.data) for .data
    entry.o(.ARM.Collect$$$$00000000) refers (Special) to entry10a.o(.ARM.Collect$$$$0000000D) for __rt_final_cpp
    entry.o(.ARM.Collect$$$$00000000) refers (Special) to entry11a.o(.ARM.Collect$$$$0000000F) for __rt_final_exit
    entry.o(.ARM.Collect$$$$00000000) refers (Special) to entry7b.o(.ARM.Collect$$$$00000008) for _main_clock
    entry.o(.ARM.Collect$$$$00000000) refers (Special) to entry8b.o(.ARM.Collect$$$$0000000A) for _main_cpp_init
    entry.o(.ARM.Collect$$$$00000000) refers (Special) to entry9a.o(.ARM.Collect$$$$0000000B) for _main_init
    entry.o(.ARM.Collect$$$$00000000) refers (Special) to entry5.o(.ARM.Collect$$$$00000004) for _main_scatterload
    entry.o(.ARM.Collect$$$$00000000) refers (Special) to entry2.o(.ARM.Collect$$$$00000001) for _main_stk
    printfb.o(i.__0fprintf$bare) refers to printfb.o(i._printf_core) for _printf_core
    printfb.o(i.__0fprintf$bare) refers to retarget.o(i.fputc) for fputc
    printfb.o(i.__0printf$bare) refers to printfb.o(i._printf_core) for _printf_core
    printfb.o(i.__0printf$bare) refers to retarget.o(i.fputc) for fputc
    printfb.o(i.__0printf$bare) refers to retarget.o(.data) for __stdout
    printfb.o(i.__0snprintf$bare) refers to printfb.o(i._printf_core) for _printf_core
    printfb.o(i.__0snprintf$bare) refers to printfb.o(i._snputc) for _snputc
    printfb.o(i.__0sprintf$bare) refers to printfb.o(i._printf_core) for _printf_core
    printfb.o(i.__0sprintf$bare) refers to printfb.o(i._sputc) for _sputc
    printfb.o(i.__0vfprintf$bare) refers to printfb.o(i._printf_core) for _printf_core
    printfb.o(i.__0vfprintf$bare) refers to retarget.o(i.fputc) for fputc
    printfb.o(i.__0vprintf$bare) refers to printfb.o(i._printf_core) for _printf_core
    printfb.o(i.__0vprintf$bare) refers to retarget.o(i.fputc) for fputc
    printfb.o(i.__0vprintf$bare) refers to retarget.o(.data) for __stdout
    printfb.o(i.__0vsnprintf$bare) refers to printfb.o(i._printf_core) for _printf_core
    printfb.o(i.__0vsnprintf$bare) refers to printfb.o(i._snputc) for _snputc
    printfb.o(i.__0vsprintf$bare) refers to printfb.o(i._printf_core) for _printf_core
    printfb.o(i.__0vsprintf$bare) refers to printfb.o(i._sputc) for _sputc
    printf0.o(i.__0fprintf$0) refers to printf0.o(i._printf_core) for _printf_core
    printf0.o(i.__0fprintf$0) refers to retarget.o(i.fputc) for fputc
    printf0.o(i.__0printf$0) refers to printf0.o(i._printf_core) for _printf_core
    printf0.o(i.__0printf$0) refers to retarget.o(i.fputc) for fputc
    printf0.o(i.__0printf$0) refers to retarget.o(.data) for __stdout
    printf0.o(i.__0snprintf$0) refers to printf0.o(i._printf_core) for _printf_core
    printf0.o(i.__0snprintf$0) refers to printf0.o(i._snputc) for _snputc
    printf0.o(i.__0sprintf$0) refers to printf0.o(i._printf_core) for _printf_core
    printf0.o(i.__0sprintf$0) refers to printf0.o(i._sputc) for _sputc
    printf0.o(i.__0vfprintf$0) refers to printf0.o(i._printf_core) for _printf_core
    printf0.o(i.__0vfprintf$0) refers to retarget.o(i.fputc) for fputc
    printf0.o(i.__0vprintf$0) refers to printf0.o(i._printf_core) for _printf_core
    printf0.o(i.__0vprintf$0) refers to retarget.o(i.fputc) for fputc
    printf0.o(i.__0vprintf$0) refers to retarget.o(.data) for __stdout
    printf0.o(i.__0vsnprintf$0) refers to printf0.o(i._printf_core) for _printf_core
    printf0.o(i.__0vsnprintf$0) refers to printf0.o(i._snputc) for _snputc
    printf0.o(i.__0vsprintf$0) refers to printf0.o(i._printf_core) for _printf_core
    printf0.o(i.__0vsprintf$0) refers to printf0.o(i._sputc) for _sputc
    printf1.o(i.__0fprintf$1) refers to printf1.o(i._printf_core) for _printf_core
    printf1.o(i.__0fprintf$1) refers to retarget.o(i.fputc) for fputc
    printf1.o(i.__0printf$1) refers to printf1.o(i._printf_core) for _printf_core
    printf1.o(i.__0printf$1) refers to retarget.o(i.fputc) for fputc
    printf1.o(i.__0printf$1) refers to retarget.o(.data) for __stdout
    printf1.o(i.__0snprintf$1) refers to printf1.o(i._printf_core) for _printf_core
    printf1.o(i.__0snprintf$1) refers to printf1.o(i._snputc) for _snputc
    printf1.o(i.__0sprintf$1) refers to printf1.o(i._printf_core) for _printf_core
    printf1.o(i.__0sprintf$1) refers to printf1.o(i._sputc) for _sputc
    printf1.o(i.__0vfprintf$1) refers to printf1.o(i._printf_core) for _printf_core
    printf1.o(i.__0vfprintf$1) refers to retarget.o(i.fputc) for fputc
    printf1.o(i.__0vprintf$1) refers to printf1.o(i._printf_core) for _printf_core
    printf1.o(i.__0vprintf$1) refers to retarget.o(i.fputc) for fputc
    printf1.o(i.__0vprintf$1) refers to retarget.o(.data) for __stdout
    printf1.o(i.__0vsnprintf$1) refers to printf1.o(i._printf_core) for _printf_core
    printf1.o(i.__0vsnprintf$1) refers to printf1.o(i._snputc) for _snputc
    printf1.o(i.__0vsprintf$1) refers to printf1.o(i._printf_core) for _printf_core
    printf1.o(i.__0vsprintf$1) refers to printf1.o(i._sputc) for _sputc
    printf1.o(i._printf_core) refers to uidiv.o(.text) for __aeabi_uidivmod
    printf2.o(i.__0fprintf$2) refers to printf2.o(i._printf_core) for _printf_core
    printf2.o(i.__0fprintf$2) refers to retarget.o(i.fputc) for fputc
    printf2.o(i.__0printf$2) refers to printf2.o(i._printf_core) for _printf_core
    printf2.o(i.__0printf$2) refers to retarget.o(i.fputc) for fputc
    printf2.o(i.__0printf$2) refers to retarget.o(.data) for __stdout
    printf2.o(i.__0snprintf$2) refers to printf2.o(i._printf_core) for _printf_core
    printf2.o(i.__0snprintf$2) refers to printf2.o(i._snputc) for _snputc
    printf2.o(i.__0sprintf$2) refers to printf2.o(i._printf_core) for _printf_core
    printf2.o(i.__0sprintf$2) refers to printf2.o(i._sputc) for _sputc
    printf2.o(i.__0vfprintf$2) refers to printf2.o(i._printf_core) for _printf_core
    printf2.o(i.__0vfprintf$2) refers to retarget.o(i.fputc) for fputc
    printf2.o(i.__0vprintf$2) refers to printf2.o(i._printf_core) for _printf_core
    printf2.o(i.__0vprintf$2) refers to retarget.o(i.fputc) for fputc
    printf2.o(i.__0vprintf$2) refers to retarget.o(.data) for __stdout
    printf2.o(i.__0vsnprintf$2) refers to printf2.o(i._printf_core) for _printf_core
    printf2.o(i.__0vsnprintf$2) refers to printf2.o(i._snputc) for _snputc
    printf2.o(i.__0vsprintf$2) refers to printf2.o(i._printf_core) for _printf_core
    printf2.o(i.__0vsprintf$2) refers to printf2.o(i._sputc) for _sputc
    printf3.o(i.__0fprintf$3) refers to printf3.o(i._printf_core) for _printf_core
    printf3.o(i.__0fprintf$3) refers to retarget.o(i.fputc) for fputc
    printf3.o(i.__0printf$3) refers to printf3.o(i._printf_core) for _printf_core
    printf3.o(i.__0printf$3) refers to retarget.o(i.fputc) for fputc
    printf3.o(i.__0printf$3) refers to retarget.o(.data) for __stdout
    printf3.o(i.__0snprintf$3) refers to printf3.o(i._printf_core) for _printf_core
    printf3.o(i.__0snprintf$3) refers to printf3.o(i._snputc) for _snputc
    printf3.o(i.__0sprintf$3) refers to printf3.o(i._printf_core) for _printf_core
    printf3.o(i.__0sprintf$3) refers to printf3.o(i._sputc) for _sputc
    printf3.o(i.__0vfprintf$3) refers to printf3.o(i._printf_core) for _printf_core
    printf3.o(i.__0vfprintf$3) refers to retarget.o(i.fputc) for fputc
    printf3.o(i.__0vprintf$3) refers to printf3.o(i._printf_core) for _printf_core
    printf3.o(i.__0vprintf$3) refers to retarget.o(i.fputc) for fputc
    printf3.o(i.__0vprintf$3) refers to retarget.o(.data) for __stdout
    printf3.o(i.__0vsnprintf$3) refers to printf3.o(i._printf_core) for _printf_core
    printf3.o(i.__0vsnprintf$3) refers to printf3.o(i._snputc) for _snputc
    printf3.o(i.__0vsprintf$3) refers to printf3.o(i._printf_core) for _printf_core
    printf3.o(i.__0vsprintf$3) refers to printf3.o(i._sputc) for _sputc
    printf3.o(i._printf_core) refers to uidiv.o(.text) for __aeabi_uidivmod
    printf4.o(i.__0fprintf$4) refers to printf4.o(i._printf_core) for _printf_core
    printf4.o(i.__0fprintf$4) refers to retarget.o(i.fputc) for fputc
    printf4.o(i.__0printf$4) refers to printf4.o(i._printf_core) for _printf_core
    printf4.o(i.__0printf$4) refers to retarget.o(i.fputc) for fputc
    printf4.o(i.__0printf$4) refers to retarget.o(.data) for __stdout
    printf4.o(i.__0snprintf$4) refers to printf4.o(i._printf_core) for _printf_core
    printf4.o(i.__0snprintf$4) refers to printf4.o(i._snputc) for _snputc
    printf4.o(i.__0sprintf$4) refers to printf4.o(i._printf_core) for _printf_core
    printf4.o(i.__0sprintf$4) refers to printf4.o(i._sputc) for _sputc
    printf4.o(i.__0vfprintf$4) refers to printf4.o(i._printf_core) for _printf_core
    printf4.o(i.__0vfprintf$4) refers to retarget.o(i.fputc) for fputc
    printf4.o(i.__0vprintf$4) refers to printf4.o(i._printf_core) for _printf_core
    printf4.o(i.__0vprintf$4) refers to retarget.o(i.fputc) for fputc
    printf4.o(i.__0vprintf$4) refers to retarget.o(.data) for __stdout
    printf4.o(i.__0vsnprintf$4) refers to printf4.o(i._printf_core) for _printf_core
    printf4.o(i.__0vsnprintf$4) refers to printf4.o(i._snputc) for _snputc
    printf4.o(i.__0vsprintf$4) refers to printf4.o(i._printf_core) for _printf_core
    printf4.o(i.__0vsprintf$4) refers to printf4.o(i._sputc) for _sputc
    printf4.o(i._printf_core) refers to uldiv.o(.text) for __aeabi_uldivmod
    printf5.o(i.__0fprintf$5) refers to printf5.o(i._printf_core) for _printf_core
    printf5.o(i.__0fprintf$5) refers to retarget.o(i.fputc) for fputc
    printf5.o(i.__0printf$5) refers to printf5.o(i._printf_core) for _printf_core
    printf5.o(i.__0printf$5) refers to retarget.o(i.fputc) for fputc
    printf5.o(i.__0printf$5) refers to retarget.o(.data) for __stdout
    printf5.o(i.__0snprintf$5) refers to printf5.o(i._printf_core) for _printf_core
    printf5.o(i.__0snprintf$5) refers to printf5.o(i._snputc) for _snputc
    printf5.o(i.__0sprintf$5) refers to printf5.o(i._printf_core) for _printf_core
    printf5.o(i.__0sprintf$5) refers to printf5.o(i._sputc) for _sputc
    printf5.o(i.__0vfprintf$5) refers to printf5.o(i._printf_core) for _printf_core
    printf5.o(i.__0vfprintf$5) refers to retarget.o(i.fputc) for fputc
    printf5.o(i.__0vprintf$5) refers to printf5.o(i._printf_core) for _printf_core
    printf5.o(i.__0vprintf$5) refers to retarget.o(i.fputc) for fputc
    printf5.o(i.__0vprintf$5) refers to retarget.o(.data) for __stdout
    printf5.o(i.__0vsnprintf$5) refers to printf5.o(i._printf_core) for _printf_core
    printf5.o(i.__0vsnprintf$5) refers to printf5.o(i._snputc) for _snputc
    printf5.o(i.__0vsprintf$5) refers to printf5.o(i._printf_core) for _printf_core
    printf5.o(i.__0vsprintf$5) refers to printf5.o(i._sputc) for _sputc
    printf5.o(i._printf_core) refers to uldiv.o(.text) for __aeabi_uldivmod
    printf6.o(i.__0fprintf$6) refers to printf6.o(i._printf_core) for _printf_core
    printf6.o(i.__0fprintf$6) refers to retarget.o(i.fputc) for fputc
    printf6.o(i.__0printf$6) refers to printf6.o(i._printf_core) for _printf_core
    printf6.o(i.__0printf$6) refers to retarget.o(i.fputc) for fputc
    printf6.o(i.__0printf$6) refers to retarget.o(.data) for __stdout
    printf6.o(i.__0snprintf$6) refers to printf6.o(i._printf_core) for _printf_core
    printf6.o(i.__0snprintf$6) refers to printf6.o(i._snputc) for _snputc
    printf6.o(i.__0sprintf$6) refers to printf6.o(i._printf_core) for _printf_core
    printf6.o(i.__0sprintf$6) refers to printf6.o(i._sputc) for _sputc
    printf6.o(i.__0vfprintf$6) refers to printf6.o(i._printf_core) for _printf_core
    printf6.o(i.__0vfprintf$6) refers to retarget.o(i.fputc) for fputc
    printf6.o(i.__0vprintf$6) refers to printf6.o(i._printf_core) for _printf_core
    printf6.o(i.__0vprintf$6) refers to retarget.o(i.fputc) for fputc
    printf6.o(i.__0vprintf$6) refers to retarget.o(.data) for __stdout
    printf6.o(i.__0vsnprintf$6) refers to printf6.o(i._printf_core) for _printf_core
    printf6.o(i.__0vsnprintf$6) refers to printf6.o(i._snputc) for _snputc
    printf6.o(i.__0vsprintf$6) refers to printf6.o(i._printf_core) for _printf_core
    printf6.o(i.__0vsprintf$6) refers to printf6.o(i._sputc) for _sputc
    printf6.o(i._printf_core) refers to printf6.o(i._printf_pre_padding) for _printf_pre_padding
    printf6.o(i._printf_core) refers to uidiv.o(.text) for __aeabi_uidivmod
    printf6.o(i._printf_core) refers to printf6.o(i._printf_post_padding) for _printf_post_padding
    printf7.o(i.__0fprintf$7) refers to printf7.o(i._printf_core) for _printf_core
    printf7.o(i.__0fprintf$7) refers to retarget.o(i.fputc) for fputc
    printf7.o(i.__0printf$7) refers to printf7.o(i._printf_core) for _printf_core
    printf7.o(i.__0printf$7) refers to retarget.o(i.fputc) for fputc
    printf7.o(i.__0printf$7) refers to retarget.o(.data) for __stdout
    printf7.o(i.__0snprintf$7) refers to printf7.o(i._printf_core) for _printf_core
    printf7.o(i.__0snprintf$7) refers to printf7.o(i._snputc) for _snputc
    printf7.o(i.__0sprintf$7) refers to printf7.o(i._printf_core) for _printf_core
    printf7.o(i.__0sprintf$7) refers to printf7.o(i._sputc) for _sputc
    printf7.o(i.__0vfprintf$7) refers to printf7.o(i._printf_core) for _printf_core
    printf7.o(i.__0vfprintf$7) refers to retarget.o(i.fputc) for fputc
    printf7.o(i.__0vprintf$7) refers to printf7.o(i._printf_core) for _printf_core
    printf7.o(i.__0vprintf$7) refers to retarget.o(i.fputc) for fputc
    printf7.o(i.__0vprintf$7) refers to retarget.o(.data) for __stdout
    printf7.o(i.__0vsnprintf$7) refers to printf7.o(i._printf_core) for _printf_core
    printf7.o(i.__0vsnprintf$7) refers to printf7.o(i._snputc) for _snputc
    printf7.o(i.__0vsprintf$7) refers to printf7.o(i._printf_core) for _printf_core
    printf7.o(i.__0vsprintf$7) refers to printf7.o(i._sputc) for _sputc
    printf7.o(i._printf_core) refers to printf7.o(i._printf_pre_padding) for _printf_pre_padding
    printf7.o(i._printf_core) refers to uldiv.o(.text) for __aeabi_uldivmod
    printf7.o(i._printf_core) refers to printf7.o(i._printf_post_padding) for _printf_post_padding
    printf8.o(i.__0fprintf$8) refers to printf8.o(i._printf_core) for _printf_core
    printf8.o(i.__0fprintf$8) refers to retarget.o(i.fputc) for fputc
    printf8.o(i.__0printf$8) refers to printf8.o(i._printf_core) for _printf_core
    printf8.o(i.__0printf$8) refers to retarget.o(i.fputc) for fputc
    printf8.o(i.__0printf$8) refers to retarget.o(.data) for __stdout
    printf8.o(i.__0snprintf$8) refers to printf8.o(i._printf_core) for _printf_core
    printf8.o(i.__0snprintf$8) refers to printf8.o(i._snputc) for _snputc
    printf8.o(i.__0sprintf$8) refers to printf8.o(i._printf_core) for _printf_core
    printf8.o(i.__0sprintf$8) refers to printf8.o(i._sputc) for _sputc
    printf8.o(i.__0vfprintf$8) refers to printf8.o(i._printf_core) for _printf_core
    printf8.o(i.__0vfprintf$8) refers to retarget.o(i.fputc) for fputc
    printf8.o(i.__0vprintf$8) refers to printf8.o(i._printf_core) for _printf_core
    printf8.o(i.__0vprintf$8) refers to retarget.o(i.fputc) for fputc
    printf8.o(i.__0vprintf$8) refers to retarget.o(.data) for __stdout
    printf8.o(i.__0vsnprintf$8) refers to printf8.o(i._printf_core) for _printf_core
    printf8.o(i.__0vsnprintf$8) refers to printf8.o(i._snputc) for _snputc
    printf8.o(i.__0vsprintf$8) refers to printf8.o(i._printf_core) for _printf_core
    printf8.o(i.__0vsprintf$8) refers to printf8.o(i._sputc) for _sputc
    printf8.o(i._printf_core) refers to printf8.o(i._printf_pre_padding) for _printf_pre_padding
    printf8.o(i._printf_core) refers to uldiv.o(.text) for __aeabi_uldivmod
    printf8.o(i._printf_core) refers to printf8.o(i._printf_post_padding) for _printf_post_padding
    printfa.o(i.__0fprintf) refers (Special) to iusefp.o(.text) for __I$use$fp
    printfa.o(i.__0fprintf) refers to printfa.o(i._printf_core) for _printf_core
    printfa.o(i.__0fprintf) refers to retarget.o(i.fputc) for fputc
    printfa.o(i.__0printf) refers (Special) to iusefp.o(.text) for __I$use$fp
    printfa.o(i.__0printf) refers to printfa.o(i._printf_core) for _printf_core
    printfa.o(i.__0printf) refers to retarget.o(i.fputc) for fputc
    printfa.o(i.__0printf) refers to retarget.o(.data) for __stdout
    printfa.o(i.__0snprintf) refers (Special) to iusefp.o(.text) for __I$use$fp
    printfa.o(i.__0snprintf) refers to printfa.o(i._printf_core) for _printf_core
    printfa.o(i.__0snprintf) refers to printfa.o(i._snputc) for _snputc
    printfa.o(i.__0sprintf) refers (Special) to iusefp.o(.text) for __I$use$fp
    printfa.o(i.__0sprintf) refers to printfa.o(i._printf_core) for _printf_core
    printfa.o(i.__0sprintf) refers to printfa.o(i._sputc) for _sputc
    printfa.o(i.__0vfprintf) refers (Special) to iusefp.o(.text) for __I$use$fp
    printfa.o(i.__0vfprintf) refers to printfa.o(i._printf_core) for _printf_core
    printfa.o(i.__0vfprintf) refers to retarget.o(i.fputc) for fputc
    printfa.o(i.__0vprintf) refers (Special) to iusefp.o(.text) for __I$use$fp
    printfa.o(i.__0vprintf) refers to printfa.o(i._printf_core) for _printf_core
    printfa.o(i.__0vprintf) refers to retarget.o(i.fputc) for fputc
    printfa.o(i.__0vprintf) refers to retarget.o(.data) for __stdout
    printfa.o(i.__0vsnprintf) refers (Special) to iusefp.o(.text) for __I$use$fp
    printfa.o(i.__0vsnprintf) refers to printfa.o(i._printf_core) for _printf_core
    printfa.o(i.__0vsnprintf) refers to printfa.o(i._snputc) for _snputc
    printfa.o(i.__0vsprintf) refers (Special) to iusefp.o(.text) for __I$use$fp
    printfa.o(i.__0vsprintf) refers to printfa.o(i._printf_core) for _printf_core
    printfa.o(i.__0vsprintf) refers to printfa.o(i._sputc) for _sputc
    printfa.o(i._fp_digits) refers (Special) to iusefp.o(.text) for __I$use$fp
    printfa.o(i._fp_digits) refers to dmul.o(.text) for __aeabi_dmul
    printfa.o(i._fp_digits) refers to ddiv.o(.text) for __aeabi_ddiv
    printfa.o(i._fp_digits) refers to cdrcmple.o(.text) for __aeabi_cdrcmple
    printfa.o(i._fp_digits) refers to dadd.o(.text) for __aeabi_dadd
    printfa.o(i._fp_digits) refers to dfixul.o(.text) for __aeabi_d2ulz
    printfa.o(i._fp_digits) refers to uldiv.o(.text) for __aeabi_uldivmod
    printfa.o(i._printf_core) refers (Special) to iusefp.o(.text) for __I$use$fp
    printfa.o(i._printf_core) refers to printfa.o(i._printf_pre_padding) for _printf_pre_padding
    printfa.o(i._printf_core) refers to uldiv.o(.text) for __aeabi_uldivmod
    printfa.o(i._printf_core) refers to printfa.o(i._printf_post_padding) for _printf_post_padding
    printfa.o(i._printf_core) refers to printfa.o(i._fp_digits) for _fp_digits
    printfa.o(i._printf_core) refers to uidiv.o(.text) for __aeabi_uidivmod
    printfa.o(i._printf_post_padding) refers (Special) to iusefp.o(.text) for __I$use$fp
    printfa.o(i._printf_pre_padding) refers (Special) to iusefp.o(.text) for __I$use$fp
    printfa.o(i._snputc) refers (Special) to iusefp.o(.text) for __I$use$fp
    printfa.o(i._sputc) refers (Special) to iusefp.o(.text) for __I$use$fp
    entry2.o(.ARM.Collect$$$$00000001) refers to entry2.o(.ARM.Collect$$$$00002712) for __lit__00000000
    entry2.o(.ARM.Collect$$$$00002712) refers to arm_startup_nrf52.o(STACK) for __initial_sp
    entry2.o(__vectab_stack_and_reset_area) refers to arm_startup_nrf52.o(STACK) for __initial_sp
    entry2.o(__vectab_stack_and_reset_area) refers to entry.o(.ARM.Collect$$$$00000000) for __main
    entry5.o(.ARM.Collect$$$$00000004) refers to init.o(.text) for __scatterload
    entry9a.o(.ARM.Collect$$$$0000000B) refers to main.o(i.main) for main
    entry9b.o(.ARM.Collect$$$$0000000C) refers to main.o(i.main) for main
    uldiv.o(.text) refers to llushr.o(.text) for __aeabi_llsr
    uldiv.o(.text) refers to llshl.o(.text) for __aeabi_llsl
    dadd.o(.text) refers to llshl.o(.text) for __aeabi_llsl
    dadd.o(.text) refers to llsshr.o(.text) for __aeabi_lasr
    dadd.o(.text) refers to depilogue.o(.text) for _double_epilogue
    dmul.o(.text) refers to depilogue.o(.text) for _double_epilogue
    ddiv.o(.text) refers to depilogue.o(.text) for _double_round
    dfixul.o(.text) refers to llushr.o(.text) for __aeabi_llsr
    dfixul.o(.text) refers to llshl.o(.text) for __aeabi_llsl
    init.o(.text) refers to entry5.o(.ARM.Collect$$$$00000004) for __main_after_scatterload
    depilogue.o(.text) refers to llshl.o(.text) for __aeabi_llsl
    depilogue.o(.text) refers to llushr.o(.text) for __aeabi_llsr


==============================================================================

Removing Unused input sections from the image.

    Removing main.o(.rev16_text), (4 bytes).
    Removing main.o(.revsh_text), (4 bytes).
    Removing main.o(.rrx_text), (6 bytes).
    Removing main.o(.emb_text), (118 bytes).
    Removing main.o(.ARM.exidx), (8 bytes).
    Removing main.o(.data), (5 bytes).
    Removing app_uart_fifo.o(.rev16_text), (4 bytes).
    Removing app_uart_fifo.o(.revsh_text), (4 bytes).
    Removing app_uart_fifo.o(.rrx_text), (6 bytes).
    Removing app_uart_fifo.o(i.app_uart_flush), (32 bytes).
    Removing nrf_delay.o(.rev16_text), (4 bytes).
    Removing nrf_delay.o(.revsh_text), (4 bytes).
    Removing nrf_delay.o(.rrx_text), (6 bytes).
    Removing nrf_drv_common.o(.rev16_text), (4 bytes).
    Removing nrf_drv_common.o(.revsh_text), (4 bytes).
    Removing nrf_drv_common.o(.rrx_text), (6 bytes).
    Removing nrf_drv_twi.o(.rev16_text), (4 bytes).
    Removing nrf_drv_twi.o(.revsh_text), (4 bytes).
    Removing nrf_drv_twi.o(.rrx_text), (6 bytes).
    Removing nrf_drv_twi.o(i.nrf_drv_twi_data_count_get), (4 bytes).
    Removing nrf_drv_twi.o(i.nrf_drv_twi_disable), (48 bytes).
    Removing nrf_drv_twi.o(i.nrf_drv_twi_start_task_get), (16 bytes).
    Removing nrf_drv_twi.o(i.nrf_drv_twi_stopped_event_get), (8 bytes).
    Removing nrf_drv_twi.o(i.nrf_drv_twi_uninit), (60 bytes).
    Removing nrf_drv_uart.o(.rev16_text), (4 bytes).
    Removing nrf_drv_uart.o(.revsh_text), (4 bytes).
    Removing nrf_drv_uart.o(.rrx_text), (6 bytes).
    Removing nrf_drv_uart.o(i.nrf_drv_uart_errorsrc_get), (32 bytes).
    Removing nrf_drv_uart.o(i.nrf_drv_uart_rx_abort), (32 bytes).
    Removing nrf_drv_uart.o(i.nrf_drv_uart_rx_disable), (28 bytes).
    Removing nrf_drv_uart.o(i.nrf_drv_uart_tx_abort), (80 bytes).
    Removing app_error.o(.rev16_text), (4 bytes).
    Removing app_error.o(.revsh_text), (4 bytes).
    Removing app_error.o(.rrx_text), (6 bytes).
    Removing app_error.o(i.app_error_handler), (24 bytes).
    Removing app_error.o(i.app_error_save_and_stop), (100 bytes).
    Removing app_error.o(.bss), (32 bytes).
    Removing app_error_weak.o(.rev16_text), (4 bytes).
    Removing app_error_weak.o(.revsh_text), (4 bytes).
    Removing app_error_weak.o(.rrx_text), (6 bytes).
    Removing app_fifo.o(.rev16_text), (4 bytes).
    Removing app_fifo.o(.revsh_text), (4 bytes).
    Removing app_fifo.o(.rrx_text), (6 bytes).
    Removing app_fifo.o(i.app_fifo_flush), (8 bytes).
    Removing app_fifo.o(i.app_fifo_peek), (34 bytes).
    Removing app_fifo.o(i.app_fifo_read), (74 bytes).
    Removing app_fifo.o(i.app_fifo_write), (82 bytes).
    Removing app_util_platform.o(.rev16_text), (4 bytes).
    Removing app_util_platform.o(.revsh_text), (4 bytes).
    Removing app_util_platform.o(.rrx_text), (6 bytes).
    Removing app_util_platform.o(i.app_util_critical_region_enter), (4 bytes).
    Removing app_util_platform.o(i.app_util_critical_region_exit), (4 bytes).
    Removing app_util_platform.o(i.app_util_disable_irq), (16 bytes).
    Removing app_util_platform.o(i.app_util_enable_irq), (20 bytes).
    Removing app_util_platform.o(.data), (4 bytes).
    Removing nrf_assert.o(.rev16_text), (4 bytes).
    Removing nrf_assert.o(.revsh_text), (4 bytes).
    Removing nrf_assert.o(.rrx_text), (6 bytes).
    Removing retarget.o(.rev16_text), (4 bytes).
    Removing retarget.o(.revsh_text), (4 bytes).
    Removing retarget.o(.rrx_text), (6 bytes).
    Removing retarget.o(i.fgetc), (18 bytes).
    Removing retarget.o(.data), (4 bytes).
    Removing gpio.o(.rev16_text), (4 bytes).
    Removing gpio.o(.revsh_text), (4 bytes).
    Removing gpio.o(.rrx_text), (6 bytes).
    Removing gpio.o(i._ZN4GPIO6PinLOWEv), (16 bytes).
    Removing gpio.o(i._ZN4GPIO7PinHIGHEv), (16 bytes).
    Removing gpio.o(i._ZN4GPIO9PinToggleEv), (32 bytes).
    Removing gpio.o(.ARM.exidx), (8 bytes).
    Removing gpio.o(.ARM.exidx), (8 bytes).
    Removing gpio.o(.ARM.exidx), (8 bytes).
    Removing gpio.o(.ARM.exidx), (8 bytes).
    Removing gpio.o(.ARM.exidx), (8 bytes).
    Removing twi.o(.rev16_text), (4 bytes).
    Removing twi.o(.revsh_text), (4 bytes).
    Removing twi.o(.rrx_text), (6 bytes).
    Removing twi.o(.emb_text), (118 bytes).
    Removing twi.o(.ARM.exidx), (8 bytes).
    Removing twi.o(.ARM.exidx), (8 bytes).
    Removing twi.o(.ARM.exidx), (8 bytes).
    Removing twi.o(.ARM.exidx), (8 bytes).
    Removing timers.o(.rev16_text), (4 bytes).
    Removing timers.o(.revsh_text), (4 bytes).
    Removing timers.o(.rrx_text), (6 bytes).
    Removing timers.o(.emb_text), (118 bytes).
    Removing timers.o(i._Z10Delay_msecj), (10 bytes).
    Removing timers.o(.ARM.exidx), (8 bytes).
    Removing uart.o(.rev16_text), (4 bytes).
    Removing uart.o(.revsh_text), (4 bytes).
    Removing uart.o(.rrx_text), (6 bytes).
    Removing uart.o(i._ZN4UART5flushEv), (4 bytes).
    Removing uart.o(.ARM.exidx), (8 bytes).
    Removing uart.o(.ARM.exidx), (8 bytes).
    Removing uart.o(.ARM.exidx), (8 bytes).
    Removing uart.o(.ARM.exidx), (8 bytes).
    Removing uart.o(.ARM.exidx), (8 bytes).
    Removing uart.o(.ARM.exidx), (8 bytes).
    Removing uart.o(.ARM.exidx), (8 bytes).
    Removing arm_startup_nrf52.o(HEAP), (8192 bytes).
    Removing system_nrf52.o(.rev16_text), (4 bytes).
    Removing system_nrf52.o(.revsh_text), (4 bytes).
    Removing system_nrf52.o(.rrx_text), (6 bytes).
    Removing system_nrf52.o(i.SystemCoreClockUpdate), (16 bytes).
    Removing dadd.o(.text), (334 bytes).
    Removing dmul.o(.text), (228 bytes).
    Removing ddiv.o(.text), (222 bytes).
    Removing dfixul.o(.text), (48 bytes).
    Removing cdrcmple.o(.text), (48 bytes).
    Removing depilogue.o(.text), (186 bytes).

110 unused section(s) (total 10857 bytes) removed from the image.

==============================================================================

Image Symbol Table

    Local Symbols

    Symbol Name                              Value     Ov Type        Size  Object(Section)

    RESET                                    0x00000000   Section     1024  arm_startup_nrf52.o(RESET)
    ../clib/microlib/division.c              0x00000000   Number         0  uidiv.o ABSOLUTE
    ../clib/microlib/division.c              0x00000000   Number         0  uldiv.o ABSOLUTE
    ../clib/microlib/init/entry.s            0x00000000   Number         0  entry9a.o ABSOLUTE
    ../clib/microlib/init/entry.s            0x00000000   Number         0  entry11b.o ABSOLUTE
    ../clib/microlib/init/entry.s            0x00000000   Number         0  entry11a.o ABSOLUTE
    ../clib/microlib/init/entry.s            0x00000000   Number         0  entry10b.o ABSOLUTE
    ../clib/microlib/init/entry.s            0x00000000   Number         0  entry10a.o ABSOLUTE
    ../clib/microlib/init/entry.s            0x00000000   Number         0  entry9b.o ABSOLUTE
    ../clib/microlib/init/entry.s            0x00000000   Number         0  entry8a.o ABSOLUTE
    ../clib/microlib/init/entry.s            0x00000000   Number         0  entry7b.o ABSOLUTE
    ../clib/microlib/init/entry.s            0x00000000   Number         0  entry7a.o ABSOLUTE
    ../clib/microlib/init/entry.s            0x00000000   Number         0  entry5.o ABSOLUTE
    ../clib/microlib/init/entry.s            0x00000000   Number         0  entry2.o ABSOLUTE
    ../clib/microlib/init/entry.s            0x00000000   Number         0  entry.o ABSOLUTE
    ../clib/microlib/init/entry.s            0x00000000   Number         0  entry8b.o ABSOLUTE
    ../clib/microlib/longlong.c              0x00000000   Number         0  llshl.o ABSOLUTE
    ../clib/microlib/longlong.c              0x00000000   Number         0  llushr.o ABSOLUTE
    ../clib/microlib/longlong.c              0x00000000   Number         0  llsshr.o ABSOLUTE
    ../clib/microlib/printf/printf.c         0x00000000   Number         0  printf2.o ABSOLUTE
    ../clib/microlib/printf/printf.c         0x00000000   Number         0  printf1.o ABSOLUTE
    ../clib/microlib/printf/printf.c         0x00000000   Number         0  printf0.o ABSOLUTE
    ../clib/microlib/printf/printf.c         0x00000000   Number         0  printfb.o ABSOLUTE
    ../clib/microlib/printf/printf.c         0x00000000   Number         0  printfa.o ABSOLUTE
    ../clib/microlib/printf/printf.c         0x00000000   Number         0  printf8.o ABSOLUTE
    ../clib/microlib/printf/printf.c         0x00000000   Number         0  printf7.o ABSOLUTE
    ../clib/microlib/printf/printf.c         0x00000000   Number         0  printf6.o ABSOLUTE
    ../clib/microlib/printf/printf.c         0x00000000   Number         0  printf5.o ABSOLUTE
    ../clib/microlib/printf/printf.c         0x00000000   Number         0  printf4.o ABSOLUTE
    ../clib/microlib/printf/printf.c         0x00000000   Number         0  printf3.o ABSOLUTE
    ../clib/microlib/printf/stubs.s          0x00000000   Number         0  stubs.o ABSOLUTE
    ../clib/microlib/string/memcpy.c         0x00000000   Number         0  memcpya.o ABSOLUTE
    ../clib/microlib/string/memcpy.c         0x00000000   Number         0  memcpyb.o ABSOLUTE
    ../clib/microlib/stubs.s                 0x00000000   Number         0  iusefp.o ABSOLUTE
    ../fplib/microlib/fpadd.c                0x00000000   Number         0  dadd.o ABSOLUTE
    ../fplib/microlib/fpdiv.c                0x00000000   Number         0  ddiv.o ABSOLUTE
    ../fplib/microlib/fpepilogue.c           0x00000000   Number         0  depilogue.o ABSOLUTE
    ../fplib/microlib/fpfix.c                0x00000000   Number         0  dfixul.o ABSOLUTE
    ../fplib/microlib/fpmul.c                0x00000000   Number         0  dmul.o ABSOLUTE
    ..\..\..\components\drivers_nrf\common\nrf_drv_common.c 0x00000000   Number         0  nrf_drv_common.o ABSOLUTE
    ..\..\..\components\drivers_nrf\delay\nrf_delay.c 0x00000000   Number         0  nrf_delay.o ABSOLUTE
    ..\..\..\components\drivers_nrf\twi_master\nrf_drv_twi.c 0x00000000   Number         0  nrf_drv_twi.o ABSOLUTE
    ..\..\..\components\drivers_nrf\uart\nrf_drv_uart.c 0x00000000   Number         0  nrf_drv_uart.o ABSOLUTE
    ..\..\..\components\libraries\fifo\app_fifo.c 0x00000000   Number         0  app_fifo.o ABSOLUTE
    ..\..\..\components\libraries\uart\app_uart_fifo.c 0x00000000   Number         0  app_uart_fifo.o ABSOLUTE
    ..\..\..\components\libraries\uart\retarget.c 0x00000000   Number         0  retarget.o ABSOLUTE
    ..\..\..\components\libraries\util\app_error.c 0x00000000   Number         0  app_error.o ABSOLUTE
    ..\..\..\components\libraries\util\app_error_weak.c 0x00000000   Number         0  app_error_weak.o ABSOLUTE
    ..\..\..\components\libraries\util\app_util_platform.c 0x00000000   Number         0  app_util_platform.o ABSOLUTE
    ..\..\..\components\libraries\util\nrf_assert.c 0x00000000   Number         0  nrf_assert.o ABSOLUTE
    ..\..\GPIO\GPIO.cpp                      0x00000000   Number         0  gpio.o ABSOLUTE
    ..\..\TWI\TWI.cpp                        0x00000000   Number         0  twi.o ABSOLUTE
    ..\..\Timers\Timers.cpp                  0x00000000   Number         0  timers.o ABSOLUTE
    ..\..\UART\UART.cpp                      0x00000000   Number         0  uart.o ABSOLUTE
    ..\..\main.cpp                           0x00000000   Number         0  main.o ABSOLUTE
    ..\\..\\..\\components\\drivers_nrf\\common\\nrf_drv_common.c 0x00000000   Number         0  nrf_drv_common.o ABSOLUTE
    ..\\..\\..\\components\\drivers_nrf\\delay\\nrf_delay.c 0x00000000   Number         0  nrf_delay.o ABSOLUTE
    ..\\..\\..\\components\\drivers_nrf\\twi_master\\nrf_drv_twi.c 0x00000000   Number         0  nrf_drv_twi.o ABSOLUTE
    ..\\..\\..\\components\\drivers_nrf\\uart\\nrf_drv_uart.c 0x00000000   Number         0  nrf_drv_uart.o ABSOLUTE
    ..\\..\\..\\components\\libraries\\fifo\\app_fifo.c 0x00000000   Number         0  app_fifo.o ABSOLUTE
    ..\\..\\..\\components\\libraries\\uart\\app_uart_fifo.c 0x00000000   Number         0  app_uart_fifo.o ABSOLUTE
    ..\\..\\..\\components\\libraries\\uart\\retarget.c 0x00000000   Number         0  retarget.o ABSOLUTE
    ..\\..\\..\\components\\libraries\\util\\app_error.c 0x00000000   Number         0  app_error.o ABSOLUTE
    ..\\..\\..\\components\\libraries\\util\\app_error_weak.c 0x00000000   Number         0  app_error_weak.o ABSOLUTE
    ..\\..\\..\\components\\libraries\\util\\app_util_platform.c 0x00000000   Number         0  app_util_platform.o ABSOLUTE
    ..\\..\\..\\components\\libraries\\util\\nrf_assert.c 0x00000000   Number         0  nrf_assert.o ABSOLUTE
    ..\\..\\GPIO\\GPIO.cpp                   0x00000000   Number         0  gpio.o ABSOLUTE
    ..\\..\\TWI\\TWI.cpp                     0x00000000   Number         0  twi.o ABSOLUTE
    ..\\..\\Timers\\Timers.cpp               0x00000000   Number         0  timers.o ABSOLUTE
    ..\\..\\UART\\UART.cpp                   0x00000000   Number         0  uart.o ABSOLUTE
    ..\\..\\main.cpp                         0x00000000   Number         0  main.o ABSOLUTE
    RTE\Device\nRF52832_xxAA\arm_startup_nrf52.s 0x00000000   Number         0  arm_startup_nrf52.o ABSOLUTE
    RTE\Device\nRF52832_xxAA\system_nrf52.c  0x00000000   Number         0  system_nrf52.o ABSOLUTE
    RTE\\Device\\nRF52832_xxAA\\system_nrf52.c 0x00000000   Number         0  system_nrf52.o ABSOLUTE
    cdrcmple.s                               0x00000000   Number         0  cdrcmple.o ABSOLUTE
    dc.s                                     0x00000000   Number         0  dc.o ABSOLUTE
    handlers.s                               0x00000000   Number         0  handlers.o ABSOLUTE
    init.s                                   0x00000000   Number         0  init.o ABSOLUTE
    .ARM.Collect$$$$00000000                 0x00000400   Section        0  entry.o(.ARM.Collect$$$$00000000)
    .ARM.Collect$$$$00000001                 0x00000400   Section        4  entry2.o(.ARM.Collect$$$$00000001)
    .ARM.Collect$$$$00000004                 0x00000404   Section        4  entry5.o(.ARM.Collect$$$$00000004)
    .ARM.Collect$$$$00000008                 0x00000408   Section        0  entry7b.o(.ARM.Collect$$$$00000008)
    .ARM.Collect$$$$0000000A                 0x00000408   Section        0  entry8b.o(.ARM.Collect$$$$0000000A)
    .ARM.Collect$$$$0000000B                 0x00000408   Section        8  entry9a.o(.ARM.Collect$$$$0000000B)
    .ARM.Collect$$$$0000000D                 0x00000410   Section        0  entry10a.o(.ARM.Collect$$$$0000000D)
    .ARM.Collect$$$$0000000F                 0x00000410   Section        0  entry11a.o(.ARM.Collect$$$$0000000F)
    .ARM.Collect$$$$00002712                 0x00000410   Section        4  entry2.o(.ARM.Collect$$$$00002712)
    __lit__00000000                          0x00000410   Data           4  entry2.o(.ARM.Collect$$$$00002712)
    .emb_text                                0x00000414   Section      118  nrf_delay.o(.emb_text)
    $v0                                      0x00000414   Number         0  nrf_delay.o(.emb_text)
    .emb_text                                0x0000048c   Section      118  nrf_drv_twi.o(.emb_text)
    $v0                                      0x0000048c   Number         0  nrf_drv_twi.o(.emb_text)
    .text                                    0x00000504   Section       36  arm_startup_nrf52.o(.text)
    $v0                                      0x00000504   Number         0  arm_startup_nrf52.o(.text)
    .text                                    0x00000528   Section        0  memcpya.o(.text)
    .text                                    0x0000054c   Section       36  init.o(.text)
    i.SPIM0_SPIS0_TWIM0_TWIS0_SPI0_TWI0_IRQHandler 0x00000570   Section        0  nrf_drv_twi.o(i.SPIM0_SPIS0_TWIM0_TWIS0_SPI0_TWI0_IRQHandler)
    i.SystemInit                             0x00000580   Section        0  system_nrf52.o(i.SystemInit)
    i.UARTE0_UART0_IRQHandler                0x000007ec   Section        0  nrf_drv_uart.o(i.UARTE0_UART0_IRQHandler)
    i._ZN3TWI4ReadEhPhh                      0x00000800   Section        0  twi.o(i._ZN3TWI4ReadEhPhh)
    i._ZN3TWI4initEv                         0x0000080c   Section        0  twi.o(i._ZN3TWI4initEv)
    i._ZN3TWI5WriteEhPhh                     0x0000084c   Section        0  twi.o(i._ZN3TWI5WriteEhPhh)
    i._ZN3TWIC1Ejj                           0x00000860   Section        0  twi.o(i._ZN3TWIC1Ejj)
    i._ZN4GPIO9setPinOutEv                   0x00000866   Section        0  gpio.o(i._ZN4GPIO9setPinOutEv)
    i._ZN4GPIOC1Ej                           0x00000876   Section        0  gpio.o(i._ZN4GPIOC1Ej)
    i._ZN4UART11uart_configEv                0x0000087c   Section        0  uart.o(i._ZN4UART11uart_configEv)
    i._ZN4UART19uart_events_handlerEP14app_uart_evt_t 0x000008dc   Section        0  uart.o(i._ZN4UART19uart_events_handlerEP14app_uart_evt_t)
    i._ZN4UART4ReadEPhh                      0x000008ee   Section        0  uart.o(i._ZN4UART4ReadEPhh)
    i._ZN4UART5WriteEPhh                     0x00000906   Section        0  uart.o(i._ZN4UART5WriteEPhh)
    i._ZN4UART5closeEv                       0x0000091e   Section        0  uart.o(i._ZN4UART5closeEv)
    i._ZN4UARTC1Ehhj                         0x00000922   Section        0  uart.o(i._ZN4UARTC1Ehhj)
    i.__0printf$2                            0x00000934   Section        0  printf2.o(i.__0printf$2)
    i.__scatterload_copy                     0x00000954   Section       14  handlers.o(i.__scatterload_copy)
    i.__scatterload_null                     0x00000962   Section        2  handlers.o(i.__scatterload_null)
    i.__scatterload_zeroinit                 0x00000964   Section       14  handlers.o(i.__scatterload_zeroinit)
    i._printf_core                           0x00000972   Section        0  printf2.o(i._printf_core)
    _printf_core                             0x00000973   Thumb Code   214  printf2.o(i._printf_core)
    i.app_error_fault_handler                0x00000a48   Section        0  app_error_weak.o(i.app_error_fault_handler)
    i.app_error_handler_bare                 0x00000a6c   Section        0  app_error.o(i.app_error_handler_bare)
    i.app_fifo_get                           0x00000a82   Section        0  app_fifo.o(i.app_fifo_get)
    i.app_fifo_init                          0x00000a98   Section        0  app_fifo.o(i.app_fifo_init)
    i.app_fifo_put                           0x00000ab8   Section        0  app_fifo.o(i.app_fifo_put)
    i.app_uart_close                         0x00000ad2   Section        0  app_uart_fifo.o(i.app_uart_close)
    i.app_uart_get                           0x00000adc   Section        0  app_uart_fifo.o(i.app_uart_get)
    i.app_uart_init                          0x00000b10   Section        0  app_uart_fifo.o(i.app_uart_init)
    i.app_uart_put                           0x00000bb4   Section        0  app_uart_fifo.o(i.app_uart_put)
    i.apply_config                           0x00000be8   Section        0  nrf_drv_uart.o(i.apply_config)
    apply_config                             0x00000be9   Thumb Code   108  nrf_drv_uart.o(i.apply_config)
    i.fifo_get                               0x00000c60   Section        0  app_fifo.o(i.fifo_get)
    fifo_get                                 0x00000c61   Thumb Code    20  app_fifo.o(i.fifo_get)
    i.fifo_put                               0x00000c74   Section        0  app_fifo.o(i.fifo_put)
    fifo_put                                 0x00000c75   Thumb Code    18  app_fifo.o(i.fifo_put)
    i.fputc                                  0x00000c86   Section        0  retarget.o(i.fputc)
    i.irq_handler_twim                       0x00000c94   Section        0  nrf_drv_twi.o(i.irq_handler_twim)
    irq_handler_twim                         0x00000c95   Thumb Code   296  nrf_drv_twi.o(i.irq_handler_twim)
    i.main                                   0x00000dbc   Section        0  main.o(i.main)
    i.nrf_delay_ms                           0x00000f14   Section        0  nrf_delay.o(i.nrf_delay_ms)
    i.nrf_drv_common_irq_enable              0x00000f2e   Section        0  nrf_drv_common.o(i.nrf_drv_common_irq_enable)
    i.nrf_drv_is_in_RAM                      0x00000f66   Section        0  nrf_drv_twi.o(i.nrf_drv_is_in_RAM)
    nrf_drv_is_in_RAM                        0x00000f67   Thumb Code    16  nrf_drv_twi.o(i.nrf_drv_is_in_RAM)
    i.nrf_drv_twi_enable                     0x00000f78   Section        0  nrf_drv_twi.o(i.nrf_drv_twi_enable)
    i.nrf_drv_twi_init                       0x00000f98   Section        0  nrf_drv_twi.o(i.nrf_drv_twi_init)
    i.nrf_drv_twi_rx                         0x00001028   Section        0  nrf_drv_twi.o(i.nrf_drv_twi_rx)
    i.nrf_drv_twi_tx                         0x0000104c   Section        0  nrf_drv_twi.o(i.nrf_drv_twi_tx)
    i.nrf_drv_twi_xfer                       0x00001070   Section        0  nrf_drv_twi.o(i.nrf_drv_twi_xfer)
    i.nrf_drv_uart_init                      0x00001094   Section        0  nrf_drv_uart.o(i.nrf_drv_uart_init)
    i.nrf_drv_uart_rx                        0x00001128   Section        0  nrf_drv_uart.o(i.nrf_drv_uart_rx)
    i.nrf_drv_uart_rx_enable                 0x000011b4   Section        0  nrf_drv_uart.o(i.nrf_drv_uart_rx_enable)
    i.nrf_drv_uart_rx_for_uart               0x000011d4   Section        0  nrf_drv_uart.o(i.nrf_drv_uart_rx_for_uart)
    nrf_drv_uart_rx_for_uart                 0x000011d5   Thumb Code   148  nrf_drv_uart.o(i.nrf_drv_uart_rx_for_uart)
    i.nrf_drv_uart_rx_for_uarte              0x00001270   Section        0  nrf_drv_uart.o(i.nrf_drv_uart_rx_for_uarte)
    nrf_drv_uart_rx_for_uarte                0x00001271   Thumb Code   136  nrf_drv_uart.o(i.nrf_drv_uart_rx_for_uarte)
    i.nrf_drv_uart_tx                        0x00001300   Section        0  nrf_drv_uart.o(i.nrf_drv_uart_tx)
    i.nrf_drv_uart_tx_for_uart               0x00001390   Section        0  nrf_drv_uart.o(i.nrf_drv_uart_tx_for_uart)
    nrf_drv_uart_tx_for_uart                 0x00001391   Thumb Code   118  nrf_drv_uart.o(i.nrf_drv_uart_tx_for_uart)
    i.nrf_drv_uart_tx_in_progress            0x00001410   Section        0  nrf_drv_uart.o(i.nrf_drv_uart_tx_in_progress)
    i.nrf_drv_uart_uninit                    0x00001420   Section        0  nrf_drv_uart.o(i.nrf_drv_uart_uninit)
    i.nrf_gpio_cfg                           0x00001460   Section        0  nrf_drv_uart.o(i.nrf_gpio_cfg)
    nrf_gpio_cfg                             0x00001461   Thumb Code    34  nrf_drv_uart.o(i.nrf_gpio_cfg)
    i.nrf_gpio_cfg_default                   0x00001482   Section        0  nrf_drv_uart.o(i.nrf_gpio_cfg_default)
    nrf_gpio_cfg_default                     0x00001483   Thumb Code    18  nrf_drv_uart.o(i.nrf_gpio_cfg_default)
    i.nrf_gpio_cfg_input                     0x00001494   Section        0  nrf_drv_uart.o(i.nrf_gpio_cfg_input)
    nrf_gpio_cfg_input                       0x00001495   Thumb Code    18  nrf_drv_uart.o(i.nrf_gpio_cfg_input)
    i.nrf_gpio_cfg_output                    0x000014a6   Section        0  nrf_drv_uart.o(i.nrf_gpio_cfg_output)
    nrf_gpio_cfg_output                      0x000014a7   Thumb Code    20  nrf_drv_uart.o(i.nrf_gpio_cfg_output)
    i.nrf_gpio_pin_set                       0x000014bc   Section        0  nrf_drv_twi.o(i.nrf_gpio_pin_set)
    nrf_gpio_pin_set                         0x000014bd   Thumb Code    10  nrf_drv_twi.o(i.nrf_gpio_pin_set)
    i.nrf_twim_event_check                   0x000014cc   Section        0  nrf_drv_twi.o(i.nrf_twim_event_check)
    nrf_twim_event_check                     0x000014cd   Thumb Code    10  nrf_drv_twi.o(i.nrf_twim_event_check)
    i.nrf_uart_event_check                   0x000014d6   Section        0  nrf_drv_uart.o(i.nrf_uart_event_check)
    nrf_uart_event_check                     0x000014d7   Thumb Code    10  nrf_drv_uart.o(i.nrf_uart_event_check)
    i.nrf_uart_int_enable_check              0x000014e0   Section        0  nrf_drv_uart.o(i.nrf_uart_int_enable_check)
    nrf_uart_int_enable_check                0x000014e1   Thumb Code    12  nrf_drv_uart.o(i.nrf_uart_int_enable_check)
    i.nrf_uarte_event_check                  0x000014ec   Section        0  nrf_drv_uart.o(i.nrf_uarte_event_check)
    nrf_uarte_event_check                    0x000014ed   Thumb Code    10  nrf_drv_uart.o(i.nrf_uarte_event_check)
    i.pins_to_default                        0x000014f8   Section        0  nrf_drv_uart.o(i.pins_to_default)
    pins_to_default                          0x000014f9   Thumb Code    78  nrf_drv_uart.o(i.pins_to_default)
    i.rx_byte                                0x0000154c   Section        0  nrf_drv_uart.o(i.rx_byte)
    rx_byte                                  0x0000154d   Thumb Code    38  nrf_drv_uart.o(i.rx_byte)
    i.rx_done_event                          0x0000157c   Section        0  nrf_drv_uart.o(i.rx_done_event)
    rx_done_event                            0x0000157d   Thumb Code    26  nrf_drv_uart.o(i.rx_done_event)
    i.rx_enable                              0x0000159c   Section        0  nrf_drv_uart.o(i.rx_enable)
    rx_enable                                0x0000159d   Thumb Code    18  nrf_drv_uart.o(i.rx_enable)
    i.twi_clear_bus                          0x000015b4   Section        0  nrf_drv_twi.o(i.twi_clear_bus)
    twi_clear_bus                            0x000015b5   Thumb Code   170  nrf_drv_twi.o(i.twi_clear_bus)
    i.twim_xfer                              0x00001664   Section        0  nrf_drv_twi.o(i.twim_xfer)
    twim_xfer                                0x00001665   Thumb Code   492  nrf_drv_twi.o(i.twim_xfer)
    i.tx_byte                                0x00001854   Section        0  nrf_drv_uart.o(i.tx_byte)
    tx_byte                                  0x00001855   Thumb Code    28  nrf_drv_uart.o(i.tx_byte)
    i.tx_done_event                          0x00001878   Section        0  nrf_drv_uart.o(i.tx_done_event)
    tx_done_event                            0x00001879   Thumb Code    30  nrf_drv_uart.o(i.tx_done_event)
    i.uart_event_handler                     0x0000189c   Section        0  app_uart_fifo.o(i.uart_event_handler)
    uart_event_handler                       0x0000189d   Thumb Code   160  app_uart_fifo.o(i.uart_event_handler)
    i.uart_irq_handler                       0x00001944   Section        0  nrf_drv_uart.o(i.uart_irq_handler)
    uart_irq_handler                         0x00001945   Thumb Code   254  nrf_drv_uart.o(i.uart_irq_handler)
    i.uarte_irq_handler                      0x00001a4c   Section        0  nrf_drv_uart.o(i.uarte_irq_handler)
    uarte_irq_handler                        0x00001a4d   Thumb Code   206  nrf_drv_uart.o(i.uarte_irq_handler)
    .constdata                               0x00001b24   Section       32  app_uart_fifo.o(.constdata)
    .constdata                               0x00001b44   Section       28  nrf_drv_twi.o(.constdata)
    m_default_config                         0x00001b44   Data          16  nrf_drv_twi.o(.constdata)
    .constdata                               0x00001b60   Section       32  nrf_drv_uart.o(.constdata)
    m_default_config                         0x00001b60   Data          32  nrf_drv_uart.o(.constdata)
    .constdata                               0x00001b80   Section       24  twi.o(.constdata)
    .constdata                               0x00001b98   Section       12  uart.o(.constdata)
    .data                                    0x20000000   Section        1  main.o(.data)
    m_xfer_done                              0x20000000   Data           1  main.o(.data)
    .data                                    0x20000004   Section        8  app_uart_fifo.o(.data)
    tx_buffer                                0x20000004   Data           1  app_uart_fifo.o(.data)
    rx_buffer                                0x20000005   Data           1  app_uart_fifo.o(.data)
    m_event_handler                          0x20000008   Data           4  app_uart_fifo.o(.data)
    .data                                    0x2000000c   Section        4  retarget.o(.data)
    .data                                    0x20000010   Section        4  system_nrf52.o(.data)
    __tagsym$$used                           0x20000010   Number         0  system_nrf52.o(.data)
    .bss                                     0x20000014   Section       32  app_uart_fifo.o(.bss)
    m_rx_fifo                                0x20000014   Data          16  app_uart_fifo.o(.bss)
    m_tx_fifo                                0x20000024   Data          16  app_uart_fifo.o(.bss)
    .bss                                     0x20000034   Section       40  nrf_drv_twi.o(.bss)
    m_cb                                     0x20000034   Data          40  nrf_drv_twi.o(.bss)
    .bss                                     0x2000005c   Section       32  nrf_drv_uart.o(.bss)
    m_cb                                     0x2000005c   Data          32  nrf_drv_uart.o(.bss)
    .bss                                     0x2000007c   Section      512  uart.o(.bss)
    rx_buf                                   0x2000007c   Data         256  uart.o(.bss)
    tx_buf                                   0x2000017c   Data         256  uart.o(.bss)
    STACK                                    0x20000280   Section     8192  arm_startup_nrf52.o(STACK)

    Global Symbols

    Symbol Name                              Value     Ov Type        Size  Object(Section)

    BuildAttributes$$THM_ISAv4$E$P$D$K$B$S$7EM$VFPi3$EXTD16$VFPS$VFMA$PE$A:L22UL41UL21$X:L11$S22US41US21$IEEE1$IW$USESV6$~STKCKD$USESV7$~SHL$OSPACE$ROPI$EBA8$MICROLIB$REQ8$PRES8$EABIv2 0x00000000   Number         0  anon$$obj.o ABSOLUTE
    __ARM_use_no_argv                        0x00000000   Number         0  main.o ABSOLUTE
    __Vectors                                0x00000000   Data           4  arm_startup_nrf52.o(RESET)
    _printf_a                                0x00000000   Number         0  stubs.o ABSOLUTE
    _printf_c                                0x00000000   Number         0  stubs.o ABSOLUTE
    _printf_charcount                        0x00000000   Number         0  stubs.o ABSOLUTE
    _printf_d                                0x00000000   Number         0  stubs.o ABSOLUTE
    _printf_e                                0x00000000   Number         0  stubs.o ABSOLUTE
    _printf_f                                0x00000000   Number         0  stubs.o ABSOLUTE
    _printf_flags                            0x00000000   Number         0  stubs.o ABSOLUTE
    _printf_fp_dec                           0x00000000   Number         0  stubs.o ABSOLUTE
    _printf_fp_hex                           0x00000000   Number         0  stubs.o ABSOLUTE
    _printf_g                                0x00000000   Number         0  stubs.o ABSOLUTE
    _printf_i                                0x00000000   Number         0  stubs.o ABSOLUTE
    _printf_int_dec                          0x00000000   Number         0  stubs.o ABSOLUTE
    _printf_l                                0x00000000   Number         0  stubs.o ABSOLUTE
    _printf_lc                               0x00000000   Number         0  stubs.o ABSOLUTE
    _printf_ll                               0x00000000   Number         0  stubs.o ABSOLUTE
    _printf_lld                              0x00000000   Number         0  stubs.o ABSOLUTE
    _printf_lli                              0x00000000   Number         0  stubs.o ABSOLUTE
    _printf_llo                              0x00000000   Number         0  stubs.o ABSOLUTE
    _printf_llu                              0x00000000   Number         0  stubs.o ABSOLUTE
    _printf_llx                              0x00000000   Number         0  stubs.o ABSOLUTE
    _printf_longlong_dec                     0x00000000   Number         0  stubs.o ABSOLUTE
    _printf_longlong_hex                     0x00000000   Number         0  stubs.o ABSOLUTE
    _printf_longlong_oct                     0x00000000   Number         0  stubs.o ABSOLUTE
    _printf_ls                               0x00000000   Number         0  stubs.o ABSOLUTE
    _printf_mbtowc                           0x00000000   Number         0  stubs.o ABSOLUTE
    _printf_n                                0x00000000   Number         0  stubs.o ABSOLUTE
    _printf_o                                0x00000000   Number         0  stubs.o ABSOLUTE
    _printf_p                                0x00000000   Number         0  stubs.o ABSOLUTE
    _printf_percent                          0x00000000   Number         0  stubs.o ABSOLUTE
    _printf_pre_padding                      0x00000000   Number         0  stubs.o ABSOLUTE
    _printf_return_value                     0x00000000   Number         0  stubs.o ABSOLUTE
    _printf_s                                0x00000000   Number         0  stubs.o ABSOLUTE
    _printf_sizespec                         0x00000000   Number         0  stubs.o ABSOLUTE
    _printf_str                              0x00000000   Number         0  stubs.o ABSOLUTE
    _printf_truncate_signed                  0x00000000   Number         0  stubs.o ABSOLUTE
    _printf_truncate_unsigned                0x00000000   Number         0  stubs.o ABSOLUTE
    _printf_u                                0x00000000   Number         0  stubs.o ABSOLUTE
    _printf_wc                               0x00000000   Number         0  stubs.o ABSOLUTE
    _printf_wctomb                           0x00000000   Number         0  stubs.o ABSOLUTE
    _printf_widthprec                        0x00000000   Number         0  stubs.o ABSOLUTE
    _printf_x                                0x00000000   Number         0  stubs.o ABSOLUTE
    __cpp_initialize__aeabi_                  - Undefined Weak Reference
    __cxa_finalize                            - Undefined Weak Reference
    __decompress                              - Undefined Weak Reference
    _clock_init                               - Undefined Weak Reference
    _microlib_exit                            - Undefined Weak Reference
    __Vectors_End                            0x00000400   Data           0  arm_startup_nrf52.o(RESET)
    __Vectors_Size                           0x00000400   Number         0  arm_startup_nrf52.o ABSOLUTE
    __main                                   0x00000401   Thumb Code     0  entry.o(.ARM.Collect$$$$00000000)
    _main_stk                                0x00000401   Thumb Code     0  entry2.o(.ARM.Collect$$$$00000001)
    _main_scatterload                        0x00000405   Thumb Code     0  entry5.o(.ARM.Collect$$$$00000004)
    __main_after_scatterload                 0x00000409   Thumb Code     0  entry5.o(.ARM.Collect$$$$00000004)
    _main_clock                              0x00000409   Thumb Code     0  entry7b.o(.ARM.Collect$$$$00000008)
    _main_cpp_init                           0x00000409   Thumb Code     0  entry8b.o(.ARM.Collect$$$$0000000A)
    _main_init                               0x00000409   Thumb Code     0  entry9a.o(.ARM.Collect$$$$0000000B)
    __rt_final_cpp                           0x00000411   Thumb Code     0  entry10a.o(.ARM.Collect$$$$0000000D)
    __rt_final_exit                          0x00000411   Thumb Code     0  entry11a.o(.ARM.Collect$$$$0000000F)
    __asm___11_nrf_delay_c_532987f3__nrf_delay_us 0x00000415   Thumb Code   118  nrf_delay.o(.emb_text)
    __asm___13_nrf_drv_twi_c_a9bcf68d__nrf_delay_us 0x0000048d   Thumb Code   118  nrf_drv_twi.o(.emb_text)
    Reset_Handler                            0x00000505   Thumb Code     8  arm_startup_nrf52.o(.text)
    NMI_Handler                              0x0000050d   Thumb Code     2  arm_startup_nrf52.o(.text)
    HardFault_Handler                        0x0000050f   Thumb Code     2  arm_startup_nrf52.o(.text)
    MemoryManagement_Handler                 0x00000511   Thumb Code     2  arm_startup_nrf52.o(.text)
    BusFault_Handler                         0x00000513   Thumb Code     2  arm_startup_nrf52.o(.text)
    UsageFault_Handler                       0x00000515   Thumb Code     2  arm_startup_nrf52.o(.text)
    SVC_Handler                              0x00000517   Thumb Code     2  arm_startup_nrf52.o(.text)
    DebugMonitor_Handler                     0x00000519   Thumb Code     2  arm_startup_nrf52.o(.text)
    PendSV_Handler                           0x0000051b   Thumb Code     2  arm_startup_nrf52.o(.text)
    SysTick_Handler                          0x0000051d   Thumb Code     2  arm_startup_nrf52.o(.text)
    CCM_AAR_IRQHandler                       0x0000051f   Thumb Code     0  arm_startup_nrf52.o(.text)
    COMP_LPCOMP_IRQHandler                   0x0000051f   Thumb Code     0  arm_startup_nrf52.o(.text)
    ECB_IRQHandler                           0x0000051f   Thumb Code     0  arm_startup_nrf52.o(.text)
    FPU_IRQHandler                           0x0000051f   Thumb Code     0  arm_startup_nrf52.o(.text)
    GPIOTE_IRQHandler                        0x0000051f   Thumb Code     0  arm_startup_nrf52.o(.text)
    I2S_IRQHandler                           0x0000051f   Thumb Code     0  arm_startup_nrf52.o(.text)
    MWU_IRQHandler                           0x0000051f   Thumb Code     0  arm_startup_nrf52.o(.text)
    NFCT_IRQHandler                          0x0000051f   Thumb Code     0  arm_startup_nrf52.o(.text)
    PDM_IRQHandler                           0x0000051f   Thumb Code     0  arm_startup_nrf52.o(.text)
    POWER_CLOCK_IRQHandler                   0x0000051f   Thumb Code     0  arm_startup_nrf52.o(.text)
    PWM0_IRQHandler                          0x0000051f   Thumb Code     0  arm_startup_nrf52.o(.text)
    PWM1_IRQHandler                          0x0000051f   Thumb Code     0  arm_startup_nrf52.o(.text)
    PWM2_IRQHandler                          0x0000051f   Thumb Code     0  arm_startup_nrf52.o(.text)
    QDEC_IRQHandler                          0x0000051f   Thumb Code     0  arm_startup_nrf52.o(.text)
    RADIO_IRQHandler                         0x0000051f   Thumb Code     0  arm_startup_nrf52.o(.text)
    RNG_IRQHandler                           0x0000051f   Thumb Code     0  arm_startup_nrf52.o(.text)
    RTC0_IRQHandler                          0x0000051f   Thumb Code     0  arm_startup_nrf52.o(.text)
    RTC1_IRQHandler                          0x0000051f   Thumb Code     0  arm_startup_nrf52.o(.text)
    RTC2_IRQHandler                          0x0000051f   Thumb Code     0  arm_startup_nrf52.o(.text)
    SAADC_IRQHandler                         0x0000051f   Thumb Code     0  arm_startup_nrf52.o(.text)
    SPIM1_SPIS1_TWIM1_TWIS1_SPI1_TWI1_IRQHandler 0x0000051f   Thumb Code     0  arm_startup_nrf52.o(.text)
    SPIM2_SPIS2_SPI2_IRQHandler              0x0000051f   Thumb Code     0  arm_startup_nrf52.o(.text)
    SWI0_EGU0_IRQHandler                     0x0000051f   Thumb Code     0  arm_startup_nrf52.o(.text)
    SWI1_EGU1_IRQHandler                     0x0000051f   Thumb Code     0  arm_startup_nrf52.o(.text)
    SWI2_EGU2_IRQHandler                     0x0000051f   Thumb Code     0  arm_startup_nrf52.o(.text)
    SWI3_EGU3_IRQHandler                     0x0000051f   Thumb Code     0  arm_startup_nrf52.o(.text)
    SWI4_EGU4_IRQHandler                     0x0000051f   Thumb Code     0  arm_startup_nrf52.o(.text)
    SWI5_EGU5_IRQHandler                     0x0000051f   Thumb Code     0  arm_startup_nrf52.o(.text)
    TEMP_IRQHandler                          0x0000051f   Thumb Code     0  arm_startup_nrf52.o(.text)
    TIMER0_IRQHandler                        0x0000051f   Thumb Code     0  arm_startup_nrf52.o(.text)
    TIMER1_IRQHandler                        0x0000051f   Thumb Code     0  arm_startup_nrf52.o(.text)
    TIMER2_IRQHandler                        0x0000051f   Thumb Code     0  arm_startup_nrf52.o(.text)
    TIMER3_IRQHandler                        0x0000051f   Thumb Code     0  arm_startup_nrf52.o(.text)
    TIMER4_IRQHandler                        0x0000051f   Thumb Code     0  arm_startup_nrf52.o(.text)
    WDT_IRQHandler                           0x0000051f   Thumb Code     0  arm_startup_nrf52.o(.text)
    __aeabi_memcpy                           0x00000529   Thumb Code    36  memcpya.o(.text)
    __aeabi_memcpy4                          0x00000529   Thumb Code     0  memcpya.o(.text)
    __aeabi_memcpy8                          0x00000529   Thumb Code     0  memcpya.o(.text)
    __scatterload                            0x0000054d   Thumb Code    28  init.o(.text)
    __scatterload_rt2                        0x0000054d   Thumb Code     0  init.o(.text)
    SPIM0_SPIS0_TWIM0_TWIS0_SPI0_TWI0_IRQHandler 0x00000571   Thumb Code     8  nrf_drv_twi.o(i.SPIM0_SPIS0_TWIM0_TWIS0_SPI0_TWI0_IRQHandler)
    SystemInit                               0x00000581   Thumb Code   566  system_nrf52.o(i.SystemInit)
    UARTE0_UART0_IRQHandler                  0x000007ed   Thumb Code    14  nrf_drv_uart.o(i.UARTE0_UART0_IRQHandler)
    TWI::Read(unsigned char, unsigned char*, unsigned char) 0x00000801   Thumb Code     6  twi.o(i._ZN3TWI4ReadEhPhh)
    TWI::init()                              0x0000080d   Thumb Code    60  twi.o(i._ZN3TWI4initEv)
    TWI::Write(unsigned char, unsigned char*, unsigned char) 0x0000084d   Thumb Code    14  twi.o(i._ZN3TWI5WriteEhPhh)
    TWI::TWI(unsigned, unsigned)             0x00000861   Thumb Code     6  twi.o(i._ZN3TWIC1Ejj)
    TWI::TWI__sub_object(unsigned, unsigned) 0x00000861   Thumb Code     0  twi.o(i._ZN3TWIC1Ejj)
    GPIO::setPinOut()                        0x00000867   Thumb Code    16  gpio.o(i._ZN4GPIO9setPinOutEv)
    GPIO::GPIO(unsigned)                     0x00000877   Thumb Code     4  gpio.o(i._ZN4GPIOC1Ej)
    GPIO::GPIO__sub_object(unsigned)         0x00000877   Thumb Code     0  gpio.o(i._ZN4GPIOC1Ej)
    UART::uart_config()                      0x0000087d   Thumb Code    78  uart.o(i._ZN4UART11uart_configEv)
    UART::uart_events_handler(app_uart_evt_t*) 0x000008dd   Thumb Code    18  uart.o(i._ZN4UART19uart_events_handlerEP14app_uart_evt_t)
    UART::Read(unsigned char*, unsigned char) 0x000008ef   Thumb Code    24  uart.o(i._ZN4UART4ReadEPhh)
    UART::Write(unsigned char*, unsigned char) 0x00000907   Thumb Code    24  uart.o(i._ZN4UART5WriteEPhh)
    UART::close()                            0x0000091f   Thumb Code     4  uart.o(i._ZN4UART5closeEv)
    UART::UART(unsigned char, unsigned char, unsigned) 0x00000923   Thumb Code    18  uart.o(i._ZN4UARTC1Ehhj)
    UART::UART__sub_object(unsigned char, unsigned char, unsigned) 0x00000923   Thumb Code     0  uart.o(i._ZN4UARTC1Ehhj)
    __0printf$2                              0x00000935   Thumb Code    22  printf2.o(i.__0printf$2)
    __1printf$2                              0x00000935   Thumb Code     0  printf2.o(i.__0printf$2)
    __2printf                                0x00000935   Thumb Code     0  printf2.o(i.__0printf$2)
    __scatterload_copy                       0x00000955   Thumb Code    14  handlers.o(i.__scatterload_copy)
    __scatterload_null                       0x00000963   Thumb Code     2  handlers.o(i.__scatterload_null)
    __scatterload_zeroinit                   0x00000965   Thumb Code    14  handlers.o(i.__scatterload_zeroinit)
    app_error_fault_handler                  0x00000a49   Thumb Code    26  app_error_weak.o(i.app_error_fault_handler)
    app_error_handler_bare                   0x00000a6d   Thumb Code    22  app_error.o(i.app_error_handler_bare)
    app_fifo_get                             0x00000a83   Thumb Code    22  app_fifo.o(i.app_fifo_get)
    app_fifo_init                            0x00000a99   Thumb Code    32  app_fifo.o(i.app_fifo_init)
    app_fifo_put                             0x00000ab9   Thumb Code    26  app_fifo.o(i.app_fifo_put)
    app_uart_close                           0x00000ad3   Thumb Code    10  app_uart_fifo.o(i.app_uart_close)
    app_uart_get                             0x00000add   Thumb Code    44  app_uart_fifo.o(i.app_uart_get)
    app_uart_init                            0x00000b11   Thumb Code   146  app_uart_fifo.o(i.app_uart_init)
    app_uart_put                             0x00000bb5   Thumb Code    44  app_uart_fifo.o(i.app_uart_put)
    fputc                                    0x00000c87   Thumb Code    14  retarget.o(i.fputc)
    main                                     0x00000dbd   Thumb Code   314  main.o(i.main)
    nrf_delay_ms                             0x00000f15   Thumb Code    26  nrf_delay.o(i.nrf_delay_ms)
    nrf_drv_common_irq_enable                0x00000f2f   Thumb Code    56  nrf_drv_common.o(i.nrf_drv_common_irq_enable)
    nrf_drv_twi_enable                       0x00000f79   Thumb Code    28  nrf_drv_twi.o(i.nrf_drv_twi_enable)
    nrf_drv_twi_init                         0x00000f99   Thumb Code   134  nrf_drv_twi.o(i.nrf_drv_twi_init)
    nrf_drv_twi_rx                           0x00001029   Thumb Code    32  nrf_drv_twi.o(i.nrf_drv_twi_rx)
    nrf_drv_twi_tx                           0x0000104d   Thumb Code    36  nrf_drv_twi.o(i.nrf_drv_twi_tx)
    nrf_drv_twi_xfer                         0x00001071   Thumb Code    30  nrf_drv_twi.o(i.nrf_drv_twi_xfer)
    nrf_drv_uart_init                        0x00001095   Thumb Code   126  nrf_drv_uart.o(i.nrf_drv_uart_init)
    nrf_drv_uart_rx                          0x00001129   Thumb Code   132  nrf_drv_uart.o(i.nrf_drv_uart_rx)
    nrf_drv_uart_rx_enable                   0x000011b5   Thumb Code    26  nrf_drv_uart.o(i.nrf_drv_uart_rx_enable)
    nrf_drv_uart_tx                          0x00001301   Thumb Code   134  nrf_drv_uart.o(i.nrf_drv_uart_tx)
    nrf_drv_uart_tx_in_progress              0x00001411   Thumb Code    12  nrf_drv_uart.o(i.nrf_drv_uart_tx_in_progress)
    nrf_drv_uart_uninit                      0x00001421   Thumb Code    52  nrf_drv_uart.o(i.nrf_drv_uart_uninit)
    TWI::twi_instance                        0x00001b80   Data           8  twi.o(.constdata)
    Region$$Table$$Base                      0x00001ba4   Number         0  anon$$obj.o(Region$$Table)
    Region$$Table$$Limit                     0x00001bc4   Number         0  anon$$obj.o(Region$$Table)
    __stdout                                 0x2000000c   Data           4  retarget.o(.data)
    SystemCoreClock                          0x20000010   Data           4  system_nrf52.o(.data)
    __initial_sp                             0x20002280   Data           0  arm_startup_nrf52.o(STACK)



==============================================================================

Memory Map of the image

  Image Entry point : 0x00000401

  Load Region LR_IROM1 (Base: 0x00000000, Size: 0x00001bd8, Max: 0x00080000, ABSOLUTE)

    Execution Region ER_IROM1 (Base: 0x00000000, Size: 0x00001bc4, Max: 0x00080000, ABSOLUTE)

    Base Addr    Size         Type   Attr      Idx    E Section Name        Object

    0x00000000   0x00000400   Data   RO         1204    RESET               arm_startup_nrf52.o
    0x00000400   0x00000000   Code   RO         1245  * .ARM.Collect$$$$00000000  mc_w.l(entry.o)
    0x00000400   0x00000004   Code   RO         1513    .ARM.Collect$$$$00000001  mc_w.l(entry2.o)
    0x00000404   0x00000004   Code   RO         1516    .ARM.Collect$$$$00000004  mc_w.l(entry5.o)
    0x00000408   0x00000000   Code   RO         1518    .ARM.Collect$$$$00000008  mc_w.l(entry7b.o)
    0x00000408   0x00000000   Code   RO         1520    .ARM.Collect$$$$0000000A  mc_w.l(entry8b.o)
    0x00000408   0x00000008   Code   RO         1521    .ARM.Collect$$$$0000000B  mc_w.l(entry9a.o)
    0x00000410   0x00000000   Code   RO         1523    .ARM.Collect$$$$0000000D  mc_w.l(entry10a.o)
    0x00000410   0x00000000   Code   RO         1525    .ARM.Collect$$$$0000000F  mc_w.l(entry11a.o)
    0x00000410   0x00000004   Code   RO         1514    .ARM.Collect$$$$00002712  mc_w.l(entry2.o)
    0x00000414   0x00000076   Code   RO          345    .emb_text           nrf_delay.o
    0x0000048a   0x00000002   PAD
    0x0000048c   0x00000076   Code   RO          421    .emb_text           nrf_drv_twi.o
    0x00000502   0x00000002   PAD
    0x00000504   0x00000024   Code   RO         1205    .text               arm_startup_nrf52.o
    0x00000528   0x00000024   Code   RO         1248    .text               mc_w.l(memcpya.o)
    0x0000054c   0x00000024   Code   RO         1542    .text               mc_w.l(init.o)
    0x00000570   0x00000010   Code   RO          422    i.SPIM0_SPIS0_TWIM0_TWIS0_SPI0_TWI0_IRQHandler  nrf_drv_twi.o
    0x00000580   0x0000026c   Code   RO         1213    i.SystemInit        system_nrf52.o
    0x000007ec   0x00000014   Code   RO          560    i.UARTE0_UART0_IRQHandler  nrf_drv_uart.o
    0x00000800   0x0000000c   Code   RO         1058    i._ZN3TWI4ReadEhPhh  twi.o
    0x0000080c   0x00000040   Code   RO         1059    i._ZN3TWI4initEv    twi.o
    0x0000084c   0x00000014   Code   RO         1060    i._ZN3TWI5WriteEhPhh  twi.o
    0x00000860   0x00000006   Code   RO         1061    i._ZN3TWIC1Ejj      twi.o
    0x00000866   0x00000010   Code   RO         1003    i._ZN4GPIO9setPinOutEv  gpio.o
    0x00000876   0x00000004   Code   RO         1004    i._ZN4GPIOC1Ej      gpio.o
    0x0000087a   0x00000002   PAD
    0x0000087c   0x00000060   Code   RO         1140    i._ZN4UART11uart_configEv  uart.o
    0x000008dc   0x00000012   Code   RO         1141    i._ZN4UART19uart_events_handlerEP14app_uart_evt_t  uart.o
    0x000008ee   0x00000018   Code   RO         1142    i._ZN4UART4ReadEPhh  uart.o
    0x00000906   0x00000018   Code   RO         1143    i._ZN4UART5WriteEPhh  uart.o
    0x0000091e   0x00000004   Code   RO         1144    i._ZN4UART5closeEv  uart.o
    0x00000922   0x00000012   Code   RO         1146    i._ZN4UARTC1Ehhj    uart.o
    0x00000934   0x00000020   Code   RO         1319    i.__0printf$2       mc_w.l(printf2.o)
    0x00000954   0x0000000e   Code   RO         1554    i.__scatterload_copy  mc_w.l(handlers.o)
    0x00000962   0x00000002   Code   RO         1555    i.__scatterload_null  mc_w.l(handlers.o)
    0x00000964   0x0000000e   Code   RO         1556    i.__scatterload_zeroinit  mc_w.l(handlers.o)
    0x00000972   0x000000d6   Code   RO         1326    i._printf_core      mc_w.l(printf2.o)
    0x00000a48   0x00000024   Code   RO          797    i.app_error_fault_handler  app_error_weak.o
    0x00000a6c   0x00000016   Code   RO          758    i.app_error_handler_bare  app_error.o
    0x00000a82   0x00000016   Code   RO          826    i.app_fifo_get      app_fifo.o
    0x00000a98   0x00000020   Code   RO          827    i.app_fifo_init     app_fifo.o
    0x00000ab8   0x0000001a   Code   RO          829    i.app_fifo_put      app_fifo.o
    0x00000ad2   0x0000000a   Code   RO          172    i.app_uart_close    app_uart_fifo.o
    0x00000adc   0x00000034   Code   RO          174    i.app_uart_get      app_uart_fifo.o
    0x00000b10   0x000000a4   Code   RO          175    i.app_uart_init     app_uart_fifo.o
    0x00000bb4   0x00000034   Code   RO          176    i.app_uart_put      app_uart_fifo.o
    0x00000be8   0x00000078   Code   RO          561    i.apply_config      nrf_drv_uart.o
    0x00000c60   0x00000014   Code   RO          832    i.fifo_get          app_fifo.o
    0x00000c74   0x00000012   Code   RO          833    i.fifo_put          app_fifo.o
    0x00000c86   0x0000000e   Code   RO          963    i.fputc             retarget.o
    0x00000c94   0x00000128   Code   RO          423    i.irq_handler_twim  nrf_drv_twi.o
    0x00000dbc   0x00000158   Code   RO            5    i.main              main.o
    0x00000f14   0x0000001a   Code   RO          346    i.nrf_delay_ms      nrf_delay.o
    0x00000f2e   0x00000038   Code   RO          380    i.nrf_drv_common_irq_enable  nrf_drv_common.o
    0x00000f66   0x00000010   Code   RO          424    i.nrf_drv_is_in_RAM  nrf_drv_twi.o
    0x00000f76   0x00000002   PAD
    0x00000f78   0x00000020   Code   RO          427    i.nrf_drv_twi_enable  nrf_drv_twi.o
    0x00000f98   0x00000090   Code   RO          428    i.nrf_drv_twi_init  nrf_drv_twi.o
    0x00001028   0x00000024   Code   RO          429    i.nrf_drv_twi_rx    nrf_drv_twi.o
    0x0000104c   0x00000024   Code   RO          432    i.nrf_drv_twi_tx    nrf_drv_twi.o
    0x00001070   0x00000024   Code   RO          434    i.nrf_drv_twi_xfer  nrf_drv_twi.o
    0x00001094   0x00000094   Code   RO          563    i.nrf_drv_uart_init  nrf_drv_uart.o
    0x00001128   0x0000008c   Code   RO          564    i.nrf_drv_uart_rx   nrf_drv_uart.o
    0x000011b4   0x00000020   Code   RO          567    i.nrf_drv_uart_rx_enable  nrf_drv_uart.o
    0x000011d4   0x0000009c   Code   RO          568    i.nrf_drv_uart_rx_for_uart  nrf_drv_uart.o
    0x00001270   0x00000090   Code   RO          569    i.nrf_drv_uart_rx_for_uarte  nrf_drv_uart.o
    0x00001300   0x00000090   Code   RO          570    i.nrf_drv_uart_tx   nrf_drv_uart.o
    0x00001390   0x00000080   Code   RO          572    i.nrf_drv_uart_tx_for_uart  nrf_drv_uart.o
    0x00001410   0x00000010   Code   RO          573    i.nrf_drv_uart_tx_in_progress  nrf_drv_uart.o
    0x00001420   0x00000040   Code   RO          574    i.nrf_drv_uart_uninit  nrf_drv_uart.o
    0x00001460   0x00000022   Code   RO          575    i.nrf_gpio_cfg      nrf_drv_uart.o
    0x00001482   0x00000012   Code   RO          576    i.nrf_gpio_cfg_default  nrf_drv_uart.o
    0x00001494   0x00000012   Code   RO          577    i.nrf_gpio_cfg_input  nrf_drv_uart.o
    0x000014a6   0x00000014   Code   RO          578    i.nrf_gpio_cfg_output  nrf_drv_uart.o
    0x000014ba   0x00000002   PAD
    0x000014bc   0x00000010   Code   RO          435    i.nrf_gpio_pin_set  nrf_drv_twi.o
    0x000014cc   0x0000000a   Code   RO          436    i.nrf_twim_event_check  nrf_drv_twi.o
    0x000014d6   0x0000000a   Code   RO          579    i.nrf_uart_event_check  nrf_drv_uart.o
    0x000014e0   0x0000000c   Code   RO          580    i.nrf_uart_int_enable_check  nrf_drv_uart.o
    0x000014ec   0x0000000a   Code   RO          581    i.nrf_uarte_event_check  nrf_drv_uart.o
    0x000014f6   0x00000002   PAD
    0x000014f8   0x00000054   Code   RO          582    i.pins_to_default   nrf_drv_uart.o
    0x0000154c   0x00000030   Code   RO          583    i.rx_byte           nrf_drv_uart.o
    0x0000157c   0x00000020   Code   RO          584    i.rx_done_event     nrf_drv_uart.o
    0x0000159c   0x00000018   Code   RO          585    i.rx_enable         nrf_drv_uart.o
    0x000015b4   0x000000b0   Code   RO          437    i.twi_clear_bus     nrf_drv_twi.o
    0x00001664   0x000001f0   Code   RO          438    i.twim_xfer         nrf_drv_twi.o
    0x00001854   0x00000024   Code   RO          586    i.tx_byte           nrf_drv_uart.o
    0x00001878   0x00000024   Code   RO          587    i.tx_done_event     nrf_drv_uart.o
    0x0000189c   0x000000a8   Code   RO          177    i.uart_event_handler  app_uart_fifo.o
    0x00001944   0x00000108   Code   RO          588    i.uart_irq_handler  nrf_drv_uart.o
    0x00001a4c   0x000000d8   Code   RO          589    i.uarte_irq_handler  nrf_drv_uart.o
    0x00001b24   0x00000020   Data   RO          179    .constdata          app_uart_fifo.o
    0x00001b44   0x0000001c   Data   RO          440    .constdata          nrf_drv_twi.o
    0x00001b60   0x00000020   Data   RO          591    .constdata          nrf_drv_uart.o
    0x00001b80   0x00000018   Data   RO         1066    .constdata          twi.o
    0x00001b98   0x0000000c   Data   RO         1155    .constdata          uart.o
    0x00001ba4   0x00000020   Data   RO         1552    Region$$Table       anon$$obj.o


    Execution Region RW_IRAM1 (Base: 0x20000000, Size: 0x00002280, Max: 0x00010000, ABSOLUTE)

    Base Addr    Size         Type   Attr      Idx    E Section Name        Object

    0x20000000   0x00000001   Data   RW            8    .data               main.o
    0x20000001   0x00000003   PAD
    0x20000004   0x00000008   Data   RW          180    .data               app_uart_fifo.o
    0x2000000c   0x00000004   Data   RW          964    .data               retarget.o
    0x20000010   0x00000004   Data   RW         1214    .data               system_nrf52.o
    0x20000014   0x00000020   Zero   RW          178    .bss                app_uart_fifo.o
    0x20000034   0x00000028   Zero   RW          439    .bss                nrf_drv_twi.o
    0x2000005c   0x00000020   Zero   RW          590    .bss                nrf_drv_uart.o
    0x2000007c   0x00000200   Zero   RW         1154    .bss                uart.o
    0x2000027c   0x00000004   PAD
    0x20000280   0x00002000   Zero   RW         1202    STACK               arm_startup_nrf52.o


==============================================================================

Image component sizes


      Code (inc. data)   RO Data    RW Data    ZI Data      Debug   Object Name

        22          0          0          0          0       2185   app_error.o
        36         10          0          0          0      27321   app_error_weak.o
       118          0          0          0          0       4254   app_fifo.o
       446         42         32          8         32      50323   app_uart_fifo.o
        36          8       1024          0       8192        916   arm_startup_nrf52.o
        20          0          0          0          0       4284   gpio.o
       344         30          0          1          0      47413   main.o
       144          0          0          0          0       1795   nrf_delay.o
        56          0          0          0          0      27523   nrf_drv_common.o
      1428         48         28          0         40      55859   nrf_drv_twi.o
      1974        168         32          0         32      38051   nrf_drv_uart.o
        14          0          0          4          0       2734   retarget.o
       620         54          0          4          0       2547   system_nrf52.o
       102         16         24          0          0       3156   twi.o
       184         18         12          0        512       4232   uart.o

    ----------------------------------------------------------------------
      5556        394       1184         20       8812     272593   Object Totals
         0          0         32          0          0          0   (incl. Generated)
        12          0          0          3          4          0   (incl. Padding)

    ----------------------------------------------------------------------

      Code (inc. data)   RO Data    RW Data    ZI Data      Debug   Library Member Name

         0          0          0          0          0          0   entry.o
         0          0          0          0          0          0   entry10a.o
         0          0          0          0          0          0   entry11a.o
         8          4          0          0          0          0   entry2.o
         4          0          0          0          0          0   entry5.o
         0          0          0          0          0          0   entry7b.o
         0          0          0          0          0          0   entry8b.o
         8          4          0          0          0          0   entry9a.o
        30          0          0          0          0          0   handlers.o
        36          8          0          0          0         68   init.o
        36          0          0          0          0         68   memcpya.o
       246         10          0          0          0        176   printf2.o

    ----------------------------------------------------------------------
       368         26          0          0          0        312   Library Totals
         0          0          0          0          0          0   (incl. Padding)

    ----------------------------------------------------------------------

      Code (inc. data)   RO Data    RW Data    ZI Data      Debug   Library Name

       368         26          0          0          0        312   mc_w.l

    ----------------------------------------------------------------------
       368         26          0          0          0        312   Library Totals

    ----------------------------------------------------------------------

==============================================================================


      Code (inc. data)   RO Data    RW Data    ZI Data      Debug   

      5924        420       1184         20       8812     266657   Grand Totals
      5924        420       1184         20       8812     266657   ELF Image Totals
      5924        420       1184         20          0          0   ROM Totals

==============================================================================

    Total RO  Size (Code + RO Data)                 7108 (   6.94kB)
    Total RW  Size (RW Data + ZI Data)              8832 (   8.63kB)
    Total ROM Size (Code + RO Data + RW Data)       7128 (   6.96kB)

==============================================================================

