Archive member included because of file (symbol)

c:/program files (x86)/gnu tools arm embedded/4.9 2015q3/bin/../lib/gcc/arm-none-eabi/4.9.3/../../../../arm-none-eabi/lib/armv7e-m/fpu\libc_nano.a(lib_a-exit.o)
                              c:/program files (x86)/gnu tools arm embedded/4.9 2015q3/bin/../lib/gcc/arm-none-eabi/4.9.3/../../../../arm-none-eabi/lib/armv7e-m/fpu/crt0.o (exit)
c:/program files (x86)/gnu tools arm embedded/4.9 2015q3/bin/../lib/gcc/arm-none-eabi/4.9.3/../../../../arm-none-eabi/lib/armv7e-m/fpu\libc_nano.a(lib_a-impure.o)
                              c:/program files (x86)/gnu tools arm embedded/4.9 2015q3/bin/../lib/gcc/arm-none-eabi/4.9.3/../../../../arm-none-eabi/lib/armv7e-m/fpu\libc_nano.a(lib_a-exit.o) (_global_impure_ptr)
c:/program files (x86)/gnu tools arm embedded/4.9 2015q3/bin/../lib/gcc/arm-none-eabi/4.9.3/../../../../arm-none-eabi/lib/armv7e-m/fpu\libc_nano.a(lib_a-init.o)
                              c:/program files (x86)/gnu tools arm embedded/4.9 2015q3/bin/../lib/gcc/arm-none-eabi/4.9.3/../../../../arm-none-eabi/lib/armv7e-m/fpu/crt0.o (__libc_init_array)
c:/program files (x86)/gnu tools arm embedded/4.9 2015q3/bin/../lib/gcc/arm-none-eabi/4.9.3/../../../../arm-none-eabi/lib/armv7e-m/fpu\libc_nano.a(lib_a-memset.o)
                              c:/program files (x86)/gnu tools arm embedded/4.9 2015q3/bin/../lib/gcc/arm-none-eabi/4.9.3/../../../../arm-none-eabi/lib/armv7e-m/fpu/crt0.o (memset)
c:/program files (x86)/gnu tools arm embedded/4.9 2015q3/bin/../lib/gcc/arm-none-eabi/4.9.3/../../../../arm-none-eabi/lib/armv7e-m/fpu\libnosys.a(_exit.o)
                              c:/program files (x86)/gnu tools arm embedded/4.9 2015q3/bin/../lib/gcc/arm-none-eabi/4.9.3/../../../../arm-none-eabi/lib/armv7e-m/fpu\libc_nano.a(lib_a-exit.o) (_exit)
c:/program files (x86)/gnu tools arm embedded/4.9 2015q3/bin/../lib/gcc/arm-none-eabi/4.9.3/../../../../arm-none-eabi/lib/armv7e-m/fpu\libc_nano.a(lib_a-printf.o)
                              _build/main.o (printf)
c:/program files (x86)/gnu tools arm embedded/4.9 2015q3/bin/../lib/gcc/arm-none-eabi/4.9.3/../../../../arm-none-eabi/lib/armv7e-m/fpu\libc_nano.a(lib_a-findfp.o)
                              c:/program files (x86)/gnu tools arm embedded/4.9 2015q3/bin/../lib/gcc/arm-none-eabi/4.9.3/../../../../arm-none-eabi/lib/armv7e-m/fpu\libc_nano.a(lib_a-printf.o) (__sinit)
c:/program files (x86)/gnu tools arm embedded/4.9 2015q3/bin/../lib/gcc/arm-none-eabi/4.9.3/../../../../arm-none-eabi/lib/armv7e-m/fpu\libc_nano.a(lib_a-fwalk.o)
                              c:/program files (x86)/gnu tools arm embedded/4.9 2015q3/bin/../lib/gcc/arm-none-eabi/4.9.3/../../../../arm-none-eabi/lib/armv7e-m/fpu\libc_nano.a(lib_a-findfp.o) (_fwalk)
c:/program files (x86)/gnu tools arm embedded/4.9 2015q3/bin/../lib/gcc/arm-none-eabi/4.9.3/../../../../arm-none-eabi/lib/armv7e-m/fpu\libc_nano.a(lib_a-nano-mallocr.o)
                              c:/program files (x86)/gnu tools arm embedded/4.9 2015q3/bin/../lib/gcc/arm-none-eabi/4.9.3/../../../../arm-none-eabi/lib/armv7e-m/fpu\libc_nano.a(lib_a-findfp.o) (_malloc_r)
c:/program files (x86)/gnu tools arm embedded/4.9 2015q3/bin/../lib/gcc/arm-none-eabi/4.9.3/../../../../arm-none-eabi/lib/armv7e-m/fpu\libc_nano.a(lib_a-nano-vfprintf.o)
                              c:/program files (x86)/gnu tools arm embedded/4.9 2015q3/bin/../lib/gcc/arm-none-eabi/4.9.3/../../../../arm-none-eabi/lib/armv7e-m/fpu\libc_nano.a(lib_a-printf.o) (_vfprintf_r)
c:/program files (x86)/gnu tools arm embedded/4.9 2015q3/bin/../lib/gcc/arm-none-eabi/4.9.3/../../../../arm-none-eabi/lib/armv7e-m/fpu\libc_nano.a(lib_a-nano-vfprintf_i.o)
                              c:/program files (x86)/gnu tools arm embedded/4.9 2015q3/bin/../lib/gcc/arm-none-eabi/4.9.3/../../../../arm-none-eabi/lib/armv7e-m/fpu\libc_nano.a(lib_a-nano-vfprintf.o) (_printf_i)
c:/program files (x86)/gnu tools arm embedded/4.9 2015q3/bin/../lib/gcc/arm-none-eabi/4.9.3/../../../../arm-none-eabi/lib/armv7e-m/fpu\libc_nano.a(lib_a-sbrkr.o)
                              c:/program files (x86)/gnu tools arm embedded/4.9 2015q3/bin/../lib/gcc/arm-none-eabi/4.9.3/../../../../arm-none-eabi/lib/armv7e-m/fpu\libc_nano.a(lib_a-nano-mallocr.o) (_sbrk_r)
c:/program files (x86)/gnu tools arm embedded/4.9 2015q3/bin/../lib/gcc/arm-none-eabi/4.9.3/../../../../arm-none-eabi/lib/armv7e-m/fpu\libc_nano.a(lib_a-stdio.o)
                              c:/program files (x86)/gnu tools arm embedded/4.9 2015q3/bin/../lib/gcc/arm-none-eabi/4.9.3/../../../../arm-none-eabi/lib/armv7e-m/fpu\libc_nano.a(lib_a-findfp.o) (__sread)
c:/program files (x86)/gnu tools arm embedded/4.9 2015q3/bin/../lib/gcc/arm-none-eabi/4.9.3/../../../../arm-none-eabi/lib/armv7e-m/fpu\libc_nano.a(lib_a-wbuf.o)
[...]
Memory Configuration

Name             Origin             Length             Attributes
FLASH            0x00000000         0x00080000         xr
RAM              0x20000000         0x00010000         xrw
*default*        0x00000000         0xffffffff

Linker script and memory map


.text           0x00000000     0x2bd8
 *(.isr_vector)
 .isr_vector    0x00000000      0x400 _build/gcc_startup_nrf52.o
                0x00000000                __isr_vector
 *(.text*)
 .text          0x00000400       0x5c c:/program files (x86)/gnu tools arm embedded/4.9 2015q3/bin/../lib/gcc/arm-none-eabi/4.9.3/armv7e-m/fpu/crtbegin.o
 .text          0x0000045c       0x74 c:/program files (x86)/gnu tools arm embedded/4.9 2015q3/bin/../lib/gcc/arm-none-eabi/4.9.3/../../../../arm-none-eabi/lib/armv7e-m/fpu/crt0.o
                0x0000045c                _start
                0x0000045c                _mainCRTStartup
 .text.exit     0x000004d0       0x28 c:/program files (x86)/gnu tools arm embedded/4.9 2015q3/bin/../lib/gcc/arm-none-eabi/4.9.3/../../../../arm-none-eabi/lib/armv7e-m/fpu\libc_nano.a(lib_a-exit.o)
                0x000004d0                exit
 .text.__libc_init_array
                0x000004f8       0x4c c:/program files (x86)/gnu tools arm embedded/4.9 2015q3/bin/../lib/gcc/arm-none-eabi/4.9.3/../../../../arm-none-eabi/lib/armv7e-m/fpu\libc_nano.a(lib_a-init.o)
                0x000004f8                __libc_init_array
 .text.memset   0x00000544       0x10 c:/program files (x86)/gnu tools arm embedded/4.9 2015q3/bin/../lib/gcc/arm-none-eabi/4.9.3/../../../../arm-none-eabi/lib/armv7e-m/fpu\libc_nano.a(lib_a-memset.o)
                0x00000544                memset
 .text._exit    0x00000554        0x4 c:/program files (x86)/gnu tools arm embedded/4.9 2015q3/bin/../lib/gcc/arm-none-eabi/4.9.3/../../../../arm-none-eabi/lib/armv7e-m/fpu\libnosys.a(_exit.o)
                0x00000554                _exit
 .text.SystemInit
                0x00000558      0x2b0 _build/system_nrf52.o
                0x00000558                SystemInit
 .text.uart_events_handler
                0x00000808       0x14 _build/main.o
 .text.twi_init
                0x0000081c       0x40 _build/main.o
                0x0000081c                twi_init
 .text.startup.main
                0x0000085c      0x16c _build/main.o
                0x0000085c                main
 .text.app_error_handler_bare
                0x000009c8       0x20 _build/app_error.o
                0x000009c8                app_error_handler_bare
 .text.app_error_fault_handler
                0x000009e8       0x24 _build/app_error_weak.o
                0x000009e8                app_error_fault_handler
 .text.app_fifo_init
                0x00000a0c       0x20 _build/app_fifo.o
                0x00000a0c                app_fifo_init
 .text.app_fifo_put
                0x00000a2c       0x30 _build/app_fifo.o
                0x00000a2c                app_fifo_put
 .text.app_fifo_get
                0x00000a5c       0x2c _build/app_fifo.o
                0x00000a5c                app_fifo_get
 .text._write   0x00000a88       0x1c _build/retarget.o
                0x00000a88                _write
 .text._read    0x00000aa4       0x14 _build/retarget.o
                0x00000aa4                _read
 .text.uart_event_handler
                0x00000ab8       0xc0 _build/app_uart_fifo.o
 .text.app_uart_init
                0x00000b78       0xcc _build/app_uart_fifo.o
                0x00000b78                app_uart_init
 .text.app_uart_get
                0x00000c44       0x38 _build/app_uart_fifo.o
                0x00000c44                app_uart_get
 .text.app_uart_put
                0x00000c7c       0x3c _build/app_uart_fifo.o
                0x00000c7c                app_uart_put
 .text.nrf_delay_ms
                0x00000cb8       0x98 _build/nrf_delay.o
                0x00000cb8                nrf_delay_ms
 .text.nrf_drv_common_irq_enable
                0x00000d50       0x50 _build/nrf_drv_common.o
                0x00000d50                nrf_drv_common_irq_enable
 .text.nrf_drv_twi_init
                0x00000da0      0x330 _build/nrf_drv_twi.o
                0x00000da0                nrf_drv_twi_init
 .text.nrf_drv_twi_enable
                0x000010d0       0x20 _build/nrf_drv_twi.o
                0x000010d0                nrf_drv_twi_enable
 .text.nrf_drv_twi_tx
                0x000010f0      0x14c _build/nrf_drv_twi.o
                0x000010f0                nrf_drv_twi_tx
 .text.nrf_drv_twi_rx
                0x0000123c      0x118 _build/nrf_drv_twi.o
                0x0000123c                nrf_drv_twi_rx
 .text.SPIM0_SPIS0_TWIM0_TWIS0_SPI0_TWI0_IRQHandler
                0x00001354      0x148 _build/nrf_drv_twi.o
                0x00001354                SPIM0_SPIS0_TWIM0_TWIS0_SPI0_TWI0_IRQHandler
 .text.nrf_drv_uart_init
                0x0000149c      0x190 _build/nrf_drv_uart.o
                0x0000149c                nrf_drv_uart_init
 .text.nrf_drv_uart_tx
                0x0000162c      0x128 _build/nrf_drv_uart.o
                0x0000162c                nrf_drv_uart_tx
 .text.nrf_drv_uart_tx_in_progress
                0x00001754       0x10 _build/nrf_drv_uart.o
                0x00001754                nrf_drv_uart_tx_in_progress
 .text.nrf_drv_uart_rx
                0x00001764      0x1dc _build/nrf_drv_uart.o
                0x00001764                nrf_drv_uart_rx
 .text.nrf_drv_uart_rx_enable
                0x00001940       0x34 _build/nrf_drv_uart.o
                0x00001940                nrf_drv_uart_rx_enable
 .text.UARTE0_UART0_IRQHandler
                0x00001974      0x2c0 _build/nrf_drv_uart.o
                0x00001974                UARTE0_UART0_IRQHandler
 .text          0x00001c34       0x3c _build/gcc_startup_nrf52.o
                0x00001c34                Reset_Handler
                0x00001c5c                NMI_Handler
                0x00001c5e                HardFault_Handler
                0x00001c60                MemoryManagement_Handler
                0x00001c62                BusFault_Handler
                0x00001c64                UsageFault_Handler
                0x00001c66                SVC_Handler
                0x00001c68                DebugMonitor_Handler
                0x00001c6a                PendSV_Handler
                0x00001c6c                SysTick_Handler
                0x00001c6e                POWER_CLOCK_IRQHandler
                0x00001c6e                RADIO_IRQHandler
                0x00001c6e                PDM_IRQHandler
                0x00001c6e                TEMP_IRQHandler
                0x00001c6e                QDEC_IRQHandler
                0x00001c6e                PWM1_IRQHandler
                0x00001c6e                FPU_IRQHandler
                0x00001c6e                GPIOTE_IRQHandler
                0x00001c6e                TIMER4_IRQHandler
                0x00001c6e                I2S_IRQHandler
                0x00001c6e                SWI4_EGU4_IRQHandler
                0x00001c6e                TIMER0_IRQHandler
                0x00001c6e                TIMER3_IRQHandler
                0x00001c6e                TIMER1_IRQHandler
                0x00001c6e                PWM2_IRQHandler
                0x00001c6e                ECB_IRQHandler
                0x00001c6e                SPIM1_SPIS1_TWIM1_TWIS1_SPI1_TWI1_IRQHandler
                0x00001c6e                Default_Handler
                0x00001c6e                SAADC_IRQHandler
                0x00001c6e                CCM_AAR_IRQHandler
                0x00001c6e                WDT_IRQHandler
                0x00001c6e                SWI2_EGU2_IRQHandler
                0x00001c6e                SWI5_EGU5_IRQHandler
                0x00001c6e                RNG_IRQHandler
                0x00001c6e                RTC2_IRQHandler
                0x00001c6e                PWM0_IRQHandler
                0x00001c6e                SWI3_EGU3_IRQHandler
                0x00001c6e                RTC1_IRQHandler
                0x00001c6e                SWI1_EGU1_IRQHandler
                0x00001c6e                SPIM2_SPIS2_SPI2_IRQHandler
                0x00001c6e                NFCT_IRQHandler
                0x00001c6e                SWI0_EGU0_IRQHandler
                0x00001c6e                MWU_IRQHandler
                0x00001c6e                RTC0_IRQHandler
                0x00001c6e                TIMER2_IRQHandler
                0x00001c6e                COMP_LPCOMP_IRQHandler
 .text.printf   0x00001c70       0x30 c:/program files (x86)/gnu tools arm embedded/4.9 2015q3/bin/../lib/gcc/arm-none-eabi/4.9.3/../../../../arm-none-eabi/lib/armv7e-m/fpu\libc_nano.a(lib_a-printf.o)
                0x00001c70                iprintf
                0x00001c70                printf
 .text._cleanup_r
                0x00001ca0        0xc c:/program files (x86)/gnu tools arm embedded/4.9 2015q3/bin/../lib/gcc/arm-none-eabi/4.9.3/../../../../arm-none-eabi/lib/armv7e-m/fpu\libc_nano.a(lib_a-findfp.o)
                0x00001ca0                _cleanup_r
 .text.std.isra.0
                0x00001cac       0x48 c:/program files (x86)/gnu tools arm embedded/4.9 2015q3/bin/../lib/gcc/arm-none-eabi/4.9.3/../../../../arm-none-eabi/lib/armv7e-m/fpu\libc_nano.a(lib_a-findfp.o)
 .text.__sfmoreglue
                0x00001cf4       0x2c c:/program files (x86)/gnu tools arm embedded/4.9 2015q3/bin/../lib/gcc/arm-none-eabi/4.9.3/../../../../arm-none-eabi/lib/armv7e-m/fpu\libc_nano.a(lib_a-findfp.o)
                0x00001cf4                __sfmoreglue
 .text.__sinit  0x00001d20       0x60 c:/program files (x86)/gnu tools arm embedded/4.9 2015q3/bin/../lib/gcc/arm-none-eabi/4.9.3/../../../../arm-none-eabi/lib/armv7e-m/fpu\libc_nano.a(lib_a-findfp.o)
                0x00001d20                __sinit
 .text.__sfp    0x00001d80       0x74 c:/program files (x86)/gnu tools arm embedded/4.9 2015q3/bin/../lib/gcc/arm-none-eabi/4.9.3/../../../../arm-none-eabi/lib/armv7e-m/fpu\libc_nano.a(lib_a-findfp.o)
                0x00001d80                __sfp
 .text._fwalk_reent
                0x00001df4       0x3c c:/program files (x86)/gnu tools arm embedded/4.9 2015q3/bin/../lib/gcc/arm-none-eabi/4.9.3/../../../../arm-none-eabi/lib/armv7e-m/fpu\libc_nano.a(lib_a-fwalk.o)
                0x00001df4                _fwalk_reent
 .text._malloc_r
                0x00001e30       0xac c:/program files (x86)/gnu tools arm embedded/4.9 2015q3/bin/../lib/gcc/arm-none-eabi/4.9.3/../../../../arm-none-eabi/lib/armv7e-m/fpu\libc_nano.a(lib_a-nano-mallocr.o)
                0x00001e30                _malloc_r
 .text.__sfputc_r
                0x00001edc       0x2c c:/program files (x86)/gnu tools arm embedded/4.9 2015q3/bin/../lib/gcc/arm-none-eabi/4.9.3/../../../../arm-none-eabi/lib/armv7e-m/fpu\libc_nano.a(lib_a-nano-vfprintf.o)
 .text.__sfputs_r
                0x00001f08       0x24 c:/program files (x86)/gnu tools arm embedded/4.9 2015q3/bin/../lib/gcc/arm-none-eabi/4.9.3/../../../../arm-none-eabi/lib/armv7e-m/fpu\libc_nano.a(lib_a-nano-vfprintf.o)
                0x00001f08                __sfputs_r
 .text._vfprintf_r
                0x00001f2c      0x210 c:/program files (x86)/gnu tools arm embedded/4.9 2015q3/bin/../lib/gcc/arm-none-eabi/4.9.3/../../../../arm-none-eabi/lib/armv7e-m/fpu\libc_nano.a(lib_a-nano-vfprintf.o)
                0x00001f2c                _vfprintf_r
                0x00001f2c                _vfiprintf_r
 .text._printf_common
                0x0000213c       0xea c:/program files (x86)/gnu tools arm embedded/4.9 2015q3/bin/../lib/gcc/arm-none-eabi/4.9.3/../../../../arm-none-eabi/lib/armv7e-m/fpu\libc_nano.a(lib_a-nano-vfprintf_i.o)
                0x0000213c                _printf_common
 *fill*         0x00002226        0x2 
 .text._printf_i
                0x00002228      0x240 c:/program files (x86)/gnu tools arm embedded/4.9 2015q3/bin/../lib/gcc/arm-none-eabi/4.9.3/../../../../arm-none-eabi/lib/armv7e-m/fpu\libc_nano.a(lib_a-nano-vfprintf_i.o)
                0x00002228                _printf_i
 .text._sbrk_r  0x00002468       0x20 c:/program files (x86)/gnu tools arm embedded/4.9 2015q3/bin/../lib/gcc/arm-none-eabi/4.9.3/../../../../arm-none-eabi/lib/armv7e-m/fpu\libc_nano.a(lib_a-sbrkr.o)
                0x00002468                _sbrk_r
 .text.__sread  0x00002488       0x22 c:/program files (x86)/gnu tools arm embedded/4.9 2015q3/bin/../lib/gcc/arm-none-eabi/4.9.3/../../../../arm-none-eabi/lib/armv7e-m/fpu\libc_nano.a(lib_a-stdio.o)
                0x00002488                __sread
 .text.__swrite
                0x000024aa       0x38 c:/program files (x86)/gnu tools arm embedded/4.9 2015q3/bin/../lib/gcc/arm-none-eabi/4.9.3/../../../../arm-none-eabi/lib/armv7e-m/fpu\libc_nano.a(lib_a-stdio.o)
                0x000024aa                __swrite
 .text.__sseek  0x000024e2       0x24 c:/program files (x86)/gnu tools arm embedded/4.9 2015q3/bin/../lib/gcc/arm-none-eabi/4.9.3/../../../../arm-none-eabi/lib/armv7e-m/fpu\libc_nano.a(lib_a-stdio.o)
                0x000024e2                __sseek
 .text.__sclose
                0x00002506        0x8 c:/program files (x86)/gnu tools arm embedded/4.9 2015q3/bin/../lib/gcc/arm-none-eabi/4.9.3/../../../../arm-none-eabi/lib/armv7e-m/fpu\libc_nano.a(lib_a-stdio.o)
                0x00002506                __sclose
 *fill*         0x0000250e        0x2 
 .text.__swbuf_r
                0x00002510       0xa8 c:/program files (x86)/gnu tools arm embedded/4.9 2015q3/bin/../lib/gcc/arm-none-eabi/4.9.3/../../../../arm-none-eabi/lib/armv7e-m/fpu\libc_nano.a(lib_a-wbuf.o)
                0x00002510                __swbuf_r
 .text._write_r
                0x000025b8       0x24 c:/program files (x86)/gnu tools arm embedded/4.9 2015q3/bin/../lib/gcc/arm-none-eabi/4.9.3/../../../../arm-none-eabi/lib/armv7e-m/fpu\libc_nano.a(lib_a-writer.o)
                0x000025b8                _write_r
 .text.__swsetup_r
                0x000025dc       0xd8 c:/program files (x86)/gnu tools arm embedded/4.9 2015q3/bin/../lib/gcc/arm-none-eabi/4.9.3/../../../../arm-none-eabi/lib/armv7e-m/fpu\libc_nano.a(lib_a-wsetup.o)
                0x000025dc                __swsetup_r
 .text._close_r
                0x000026b4       0x20 c:/program files (x86)/gnu tools arm embedded/4.9 2015q3/bin/../lib/gcc/arm-none-eabi/4.9.3/../../../../arm-none-eabi/lib/armv7e-m/fpu\libc_nano.a(lib_a-closer.o)
                0x000026b4                _close_r
 .text.__sflush_r
                0x000026d4      0x108 c:/program files (x86)/gnu tools arm embedded/4.9 2015q3/bin/../lib/gcc/arm-none-eabi/4.9.3/../../../../arm-none-eabi/lib/armv7e-m/fpu\libc_nano.a(lib_a-fflush.o)
                0x000026d4                __sflush_r
 .text._fflush_r
                0x000027dc       0x54 c:/program files (x86)/gnu tools arm embedded/4.9 2015q3/bin/../lib/gcc/arm-none-eabi/4.9.3/../../../../arm-none-eabi/lib/armv7e-m/fpu\libc_nano.a(lib_a-fflush.o)
                0x000027dc                _fflush_r
 .text._lseek_r
                0x00002830       0x24 c:/program files (x86)/gnu tools arm embedded/4.9 2015q3/bin/../lib/gcc/arm-none-eabi/4.9.3/../../../../arm-none-eabi/lib/armv7e-m/fpu\libc_nano.a(lib_a-lseekr.o)
                0x00002830                _lseek_r
 .text.__smakebuf_r
                0x00002854       0x9c c:/program files (x86)/gnu tools arm embedded/4.9 2015q3/bin/../lib/gcc/arm-none-eabi/4.9.3/../../../../arm-none-eabi/lib/armv7e-m/fpu\libc_nano.a(lib_a-makebuf.o)
                0x00002854                __smakebuf_r
 .text.memchr   0x000028f0       0x1e c:/program files (x86)/gnu tools arm embedded/4.9 2015q3/bin/../lib/gcc/arm-none-eabi/4.9.3/../../../../arm-none-eabi/lib/armv7e-m/fpu\libc_nano.a(lib_a-memchr.o)
                0x000028f0                memchr
 *fill*         0x0000290e        0x2 
 .text._free_r  0x00002910       0x88 c:/program files (x86)/gnu tools arm embedded/4.9 2015q3/bin/../lib/gcc/arm-none-eabi/4.9.3/../../../../arm-none-eabi/lib/armv7e-m/fpu\libc_nano.a(lib_a-nano-freer.o)
                0x00002910                _free_r
 .text._read_r  0x00002998       0x24 c:/program files (x86)/gnu tools arm embedded/4.9 2015q3/bin/../lib/gcc/arm-none-eabi/4.9.3/../../../../arm-none-eabi/lib/armv7e-m/fpu\libc_nano.a(lib_a-readr.o)
                0x00002998                _read_r
 .text._fstat_r
                0x000029bc       0x24 c:/program files (x86)/gnu tools arm embedded/4.9 2015q3/bin/../lib/gcc/arm-none-eabi/4.9.3/../../../../arm-none-eabi/lib/armv7e-m/fpu\libc_nano.a(lib_a-fstatr.o)
                0x000029bc                _fstat_r
 .text._isatty_r
                0x000029e0       0x20 c:/program files (x86)/gnu tools arm embedded/4.9 2015q3/bin/../lib/gcc/arm-none-eabi/4.9.3/../../../../arm-none-eabi/lib/armv7e-m/fpu\libc_nano.a(lib_a-isattyr.o)
                0x000029e0                _isatty_r
 .text._close   0x00002a00       0x10 c:/program files (x86)/gnu tools arm embedded/4.9 2015q3/bin/../lib/gcc/arm-none-eabi/4.9.3/../../../../arm-none-eabi/lib/armv7e-m/fpu\libnosys.a(close.o)
                0x00002a00                _close
 .text._fstat   0x00002a10       0x10 c:/program files (x86)/gnu tools arm embedded/4.9 2015q3/bin/../lib/gcc/arm-none-eabi/4.9.3/../../../../arm-none-eabi/lib/armv7e-m/fpu\libnosys.a(fstat.o)
                0x00002a10                _fstat
 .text._isatty  0x00002a20       0x10 c:/program files (x86)/gnu tools arm embedded/4.9 2015q3/bin/../lib/gcc/arm-none-eabi/4.9.3/../../../../arm-none-eabi/lib/armv7e-m/fpu\libnosys.a(isatty.o)
                0x00002a20                _isatty
 .text._lseek   0x00002a30       0x10 c:/program files (x86)/gnu tools arm embedded/4.9 2015q3/bin/../lib/gcc/arm-none-eabi/4.9.3/../../../../arm-none-eabi/lib/armv7e-m/fpu\libnosys.a(lseek.o)
                0x00002a30                _lseek
 .text._sbrk    0x00002a40       0x1c c:/program files (x86)/gnu tools arm embedded/4.9 2015q3/bin/../lib/gcc/arm-none-eabi/4.9.3/../../../../arm-none-eabi/lib/armv7e-m/fpu\libnosys.a(sbrk.o)
                0x00002a40                _sbrk
 *(.init)
 .init          0x00002a5c        0x4 c:/program files (x86)/gnu tools arm embedded/4.9 2015q3/bin/../lib/gcc/arm-none-eabi/4.9.3/armv7e-m/fpu/crti.o
                0x00002a5c                _init
 .init          0x00002a60        0x8 c:/program files (x86)/gnu tools arm embedded/4.9 2015q3/bin/../lib/gcc/arm-none-eabi/4.9.3/armv7e-m/fpu/crtn.o
 *(.fini)
 .fini          0x00002a68        0x4 c:/program files (x86)/gnu tools arm embedded/4.9 2015q3/bin/../lib/gcc/arm-none-eabi/4.9.3/armv7e-m/fpu/crti.o
                0x00002a68                _fini
 .fini          0x00002a6c        0x8 c:/program files (x86)/gnu tools arm embedded/4.9 2015q3/bin/../lib/gcc/arm-none-eabi/4.9.3/armv7e-m/fpu/crtn.o
 *crtbegin.o(.ctors)
 *crtbegin?.o(.ctors)
 *(EXCLUDE_FILE(*crtend.o *crtend?.o) .ctors)
 *(SORT(.ctors.*))
 *(.ctors)
 *crtbegin.o(.dtors)
 *crtbegin?.o(.dtors)
 *(EXCLUDE_FILE(*crtend.o *crtend?.o) .dtors)
 *(SORT(.dtors.*))
 *(.dtors)
 *(.rodata*)
 .rodata.str1.1
                0x00002a74        0x2 c:/program files (x86)/gnu tools arm embedded/4.9 2015q3/bin/../lib/gcc/arm-none-eabi/4.9.3/../../../../arm-none-eabi/lib/armv7e-m/fpu\libc_nano.a(lib_a-impure.o)
 *fill*         0x00002a76        0x2 
 .rodata._global_impure_ptr
                0x00002a78        0x4 c:/program files (x86)/gnu tools arm embedded/4.9 2015q3/bin/../lib/gcc/arm-none-eabi/4.9.3/../../../../arm-none-eabi/lib/armv7e-m/fpu\libc_nano.a(lib_a-impure.o)
                0x00002a78                _global_impure_ptr
 .rodata        0x00002a7c       0x1c _build/main.o
 .rodata.m_twi_GPS
                0x00002a98        0x8 _build/main.o
 .rodata.str1.4
                0x00002aa0       0x44 _build/main.o
                                 0x43 (size before relaxing)
 .rodata.GGAOFF
                0x00002ae4        0xb _build/main.o
                0x00002ae4                GGAOFF
 *fill*         0x00002aef        0x1 
 .rodata        0x00002af0       0x20 _build/app_uart_fifo.o
 .rodata.m_default_config
                0x00002b10       0x10 _build/nrf_drv_twi.o
 .rodata.m_default_config
                0x00002b20       0x20 _build/nrf_drv_uart.o
 .rodata.__sf_fake_stdin
                0x00002b40       0x20 c:/program files (x86)/gnu tools arm embedded/4.9 2015q3/bin/../lib/gcc/arm-none-eabi/4.9.3/../../../../arm-none-eabi/lib/armv7e-m/fpu\libc_nano.a(lib_a-findfp.o)
                0x00002b40                __sf_fake_stdin
 .rodata.__sf_fake_stdout
                0x00002b60       0x20 c:/program files (x86)/gnu tools arm embedded/4.9 2015q3/bin/../lib/gcc/arm-none-eabi/4.9.3/../../../../arm-none-eabi/lib/armv7e-m/fpu\libc_nano.a(lib_a-findfp.o)
                0x00002b60                __sf_fake_stdout
 .rodata.__sf_fake_stderr
                0x00002b80       0x20 c:/program files (x86)/gnu tools arm embedded/4.9 2015q3/bin/../lib/gcc/arm-none-eabi/4.9.3/../../../../arm-none-eabi/lib/armv7e-m/fpu\libc_nano.a(lib_a-findfp.o)
                0x00002b80                __sf_fake_stderr
 .rodata.str1.1
                0x00002ba0       0x11 c:/program files (x86)/gnu tools arm embedded/4.9 2015q3/bin/../lib/gcc/arm-none-eabi/4.9.3/../../../../arm-none-eabi/lib/armv7e-m/fpu\libc_nano.a(lib_a-nano-vfprintf.o)
 .rodata.str1.1
                0x00002bb1       0x22 c:/program files (x86)/gnu tools arm embedded/4.9 2015q3/bin/../lib/gcc/arm-none-eabi/4.9.3/../../../../arm-none-eabi/lib/armv7e-m/fpu\libc_nano.a(lib_a-nano-vfprintf_i.o)
 *(.eh_frame*)
 *fill*         0x00002bd3        0x1 
 .eh_frame      0x00002bd4        0x0 c:/program files (x86)/gnu tools arm embedded/4.9 2015q3/bin/../lib/gcc/arm-none-eabi/4.9.3/armv7e-m/fpu/crtbegin.o
 .eh_frame      0x00002bd4        0x4 c:/program files (x86)/gnu tools arm embedded/4.9 2015q3/bin/../lib/gcc/arm-none-eabi/4.9.3/armv7e-m/fpu/crtend.o

.glue_7         0x00002bd8        0x0
 .glue_7        0x00000000        0x0 linker stubs

.glue_7t        0x00002bd8        0x0
 .glue_7t       0x00000000        0x0 linker stubs

.vfp11_veneer   0x00002bd8        0x0
 .vfp11_veneer  0x00000000        0x0 linker stubs

.v4_bx          0x00002bd8        0x0
 .v4_bx         0x00000000        0x0 linker stubs

.iplt           0x00002bd8        0x0
 .iplt          0x00000000        0x0 c:/program files (x86)/gnu tools arm embedded/4.9 2015q3/bin/../lib/gcc/arm-none-eabi/4.9.3/armv7e-m/fpu/crtbegin.o

.ARM.extab
 *(.ARM.extab* .gnu.linkonce.armextab.*)
                0x00002bd8                __exidx_start = .

.ARM.exidx      0x00002bd8        0x8
 *(.ARM.exidx* .gnu.linkonce.armexidx.*)
 .ARM.exidx     0x00002bd8        0x8 c:/program files (x86)/gnu tools arm embedded/4.9 2015q3/bin/../lib/gcc/arm-none-eabi/4.9.3/../../../../arm-none-eabi/lib/armv7e-m/fpu/crt0.o
                0x00002be0                __exidx_end = .
                0x00002be0                __etext = .

.rel.dyn        0x00002be0        0x0
 .rel.iplt      0x00000000        0x0 c:/program files (x86)/gnu tools arm embedded/4.9 2015q3/bin/../lib/gcc/arm-none-eabi/4.9.3/armv7e-m/fpu/crtbegin.o

.data           0x20000000       0x78 load address 0x00002be0
                0x20000000                __data_start__ = .
 *(vtable)
 *(.data*)
 .data.impure_data
                0x20000000       0x60 c:/program files (x86)/gnu tools arm embedded/4.9 2015q3/bin/../lib/gcc/arm-none-eabi/4.9.3/../../../../arm-none-eabi/lib/armv7e-m/fpu\libc_nano.a(lib_a-impure.o)
 .data._impure_ptr
                0x20000060        0x4 c:/program files (x86)/gnu tools arm embedded/4.9 2015q3/bin/../lib/gcc/arm-none-eabi/4.9.3/../../../../arm-none-eabi/lib/armv7e-m/fpu\libc_nano.a(lib_a-impure.o)
                0x20000060                _impure_ptr
 .data.SystemCoreClock
                0x20000064        0x4 _build/system_nrf52.o
                0x20000064                SystemCoreClock
 .data.m_xfer_done
                0x20000068        0x1 _build/main.o
                0x2000006c                . = ALIGN (0x4)
 *fill*         0x20000069        0x3 
                0x2000006c                PROVIDE (__preinit_array_start, .)
 *(.preinit_array)
                0x2000006c                PROVIDE (__preinit_array_end, .)
                0x2000006c                . = ALIGN (0x4)
                0x2000006c                PROVIDE (__init_array_start, .)
 *(SORT(.init_array.*))
 *(.init_array)
 .init_array    0x2000006c        0x4 c:/program files (x86)/gnu tools arm embedded/4.9 2015q3/bin/../lib/gcc/arm-none-eabi/4.9.3/armv7e-m/fpu/crtbegin.o
                0x20000070                PROVIDE (__init_array_end, .)
                0x20000070                . = ALIGN (0x4)
                0x20000070                PROVIDE (__fini_array_start, .)
 *(SORT(.fini_array.*))
 *(.fini_array)
 .fini_array    0x20000070        0x4 c:/program files (x86)/gnu tools arm embedded/4.9 2015q3/bin/../lib/gcc/arm-none-eabi/4.9.3/armv7e-m/fpu/crtbegin.o
                0x20000074                PROVIDE (__fini_array_end, .)
 *(.jcr*)
 .jcr           0x20000074        0x0 c:/program files (x86)/gnu tools arm embedded/4.9 2015q3/bin/../lib/gcc/arm-none-eabi/4.9.3/armv7e-m/fpu/crtbegin.o
 .jcr           0x20000074        0x4 c:/program files (x86)/gnu tools arm embedded/4.9 2015q3/bin/../lib/gcc/arm-none-eabi/4.9.3/armv7e-m/fpu/crtend.o
                0x20000078                . = ALIGN (0x4)
                0x20000078                __data_end__ = .
LOAD c:/program files (x86)/gnu tools arm embedded/4.9 2015q3/bin/../lib/gcc/arm-none-eabi/4.9.3/armv7e-m/fpu/crti.o
LOAD c:/program files (x86)/gnu tools arm embedded/4.9 2015q3/bin/../lib/gcc/arm-none-eabi/4.9.3/armv7e-m/fpu/crtbegin.o
LOAD c:/program files (x86)/gnu tools arm embedded/4.9 2015q3/bin/../lib/gcc/arm-none-eabi/4.9.3/../../../../arm-none-eabi/lib/armv7e-m/fpu/crt0.o
LOAD c:/program files (x86)/gnu tools arm embedded/4.9 2015q3/bin/../lib/gcc/arm-none-eabi/4.9.3/../../../../arm-none-eabi/lib/armv7e-m/fpu\libc_nano.a
LOAD c:/program files (x86)/gnu tools arm embedded/4.9 2015q3/bin/../lib/gcc/arm-none-eabi/4.9.3/../../../../arm-none-eabi/lib/armv7e-m/fpu\libnosys.a
LOAD _build/system_nrf52.o
LOAD _build/main.o
LOAD _build/app_error.o
LOAD _build/app_error_weak.o
LOAD _build/app_fifo.o
LOAD _build/app_util_platform.o
LOAD _build/nrf_assert.o
LOAD _build/retarget.o
LOAD _build/app_uart_fifo.o
LOAD _build/nrf_delay.o
LOAD _build/nrf_drv_common.o
LOAD _build/nrf_drv_twi.o
LOAD _build/nrf_drv_uart.o
LOAD _build/gcc_startup_nrf52.o
LOAD c:/program files (x86)/gnu tools arm embedded/4.9 2015q3/bin/../lib/gcc/arm-none-eabi/4.9.3/../../../../arm-none-eabi/lib/armv7e-m/fpu\libm.a
START GROUP
LOAD c:/program files (x86)/gnu tools arm embedded/4.9 2015q3/bin/../lib/gcc/arm-none-eabi/4.9.3/armv7e-m/fpu\libgcc.a
LOAD c:/program files (x86)/gnu tools arm embedded/4.9 2015q3/bin/../lib/gcc/arm-none-eabi/4.9.3/../../../../arm-none-eabi/lib/armv7e-m/fpu\libc_nano.a
END GROUP
START GROUP
LOAD c:/program files (x86)/gnu tools arm embedded/4.9 2015q3/bin/../lib/gcc/arm-none-eabi/4.9.3/armv7e-m/fpu\libgcc.a
LOAD c:/program files (x86)/gnu tools arm embedded/4.9 2015q3/bin/../lib/gcc/arm-none-eabi/4.9.3/../../../../arm-none-eabi/lib/armv7e-m/fpu\libc_nano.a
END GROUP
LOAD c:/program files (x86)/gnu tools arm embedded/4.9 2015q3/bin/../lib/gcc/arm-none-eabi/4.9.3/armv7e-m/fpu/crtend.o
LOAD c:/program files (x86)/gnu tools arm embedded/4.9 2015q3/bin/../lib/gcc/arm-none-eabi/4.9.3/armv7e-m/fpu/crtn.o
START GROUP
LOAD c:/program files (x86)/gnu tools arm embedded/4.9 2015q3/bin/../lib/gcc/arm-none-eabi/4.9.3/armv7e-m/fpu\libgcc.a
LOAD c:/program files (x86)/gnu tools arm embedded/4.9 2015q3/bin/../lib/gcc/arm-none-eabi/4.9.3/../../../../arm-none-eabi/lib/armv7e-m/fpu\libc.a
LOAD c:/program files (x86)/gnu tools arm embedded/4.9 2015q3/bin/../lib/gcc/arm-none-eabi/4.9.3/../../../../arm-none-eabi/lib/armv7e-m/fpu\libnosys.a
END GROUP

.igot.plt       0x20000078        0x0 load address 0x00002c58
 .igot.plt      0x00000000        0x0 c:/program files (x86)/gnu tools arm embedded/4.9 2015q3/bin/../lib/gcc/arm-none-eabi/4.9.3/armv7e-m/fpu/crtbegin.o

.fs_data        0x20000078        0x0
                0x20000078                PROVIDE (__start_fs_data, .)
 *(.fs_data)
                0x20000078                PROVIDE (__stop_fs_data, .)

.bss            0x20000078      0x1a4 load address 0x00002c58
                0x20000078                . = ALIGN (0x4)
                0x20000078                __bss_start__ = .
 *(.bss*)
 .bss           0x20000078       0x1c c:/program files (x86)/gnu tools arm embedded/4.9 2015q3/bin/../lib/gcc/arm-none-eabi/4.9.3/armv7e-m/fpu/crtbegin.o
 .bss.rx_buf.7552
                0x20000094        0x1 _build/main.o
 *fill*         0x20000095        0x3 
 .bss.tx_buf.7553
                0x20000098      0x100 _build/main.o
 .bss.tx_buffer
                0x20000198        0x1 _build/app_uart_fifo.o
 *fill*         0x20000199        0x3 
 .bss.m_event_handler
                0x2000019c        0x4 _build/app_uart_fifo.o
 .bss.rx_buffer
                0x200001a0        0x1 _build/app_uart_fifo.o
 *fill*         0x200001a1        0x3 
 .bss.m_tx_fifo
                0x200001a4       0x10 _build/app_uart_fifo.o
 .bss.m_rx_fifo
                0x200001b4       0x10 _build/app_uart_fifo.o
 .bss.m_cb      0x200001c4       0x28 _build/nrf_drv_twi.o
 .bss.m_cb      0x200001ec       0x20 _build/nrf_drv_uart.o
 .bss.__malloc_sbrk_start
                0x2000020c        0x4 c:/program files (x86)/gnu tools arm embedded/4.9 2015q3/bin/../lib/gcc/arm-none-eabi/4.9.3/../../../../arm-none-eabi/lib/armv7e-m/fpu\libc_nano.a(lib_a-nano-mallocr.o)
                0x2000020c                __malloc_sbrk_start
 .bss.__malloc_free_list
                0x20000210        0x4 c:/program files (x86)/gnu tools arm embedded/4.9 2015q3/bin/../lib/gcc/arm-none-eabi/4.9.3/../../../../arm-none-eabi/lib/armv7e-m/fpu\libc_nano.a(lib_a-nano-mallocr.o)
                0x20000210                __malloc_free_list
 .bss.heap_end.4079
                0x20000214        0x4 c:/program files (x86)/gnu tools arm embedded/4.9 2015q3/bin/../lib/gcc/arm-none-eabi/4.9.3/../../../../arm-none-eabi/lib/armv7e-m/fpu\libnosys.a(sbrk.o)
 *(COMMON)
 COMMON         0x20000218        0x4 c:/program files (x86)/gnu tools arm embedded/4.9 2015q3/bin/../lib/gcc/arm-none-eabi/4.9.3/../../../../arm-none-eabi/lib/armv7e-m/fpu\libc_nano.a(lib_a-reent.o)
                0x20000218                errno
                0x2000021c                . = ALIGN (0x4)
                0x2000021c                __bss_end__ = .

.heap           0x20000220     0x2000
                0x20000220                __end__ = .
                0x20000220                PROVIDE (end, .)
 *(.heap*)
 .heap          0x20000220     0x2000 _build/gcc_startup_nrf52.o
                0x20000220                __HeapBase
                0x20002220                __HeapLimit = .

.stack_dummy    0x20000220     0x2000
 *(.stack*)
 .stack         0x20000220     0x2000 _build/gcc_startup_nrf52.o
                0x20010000                __StackTop = (ORIGIN (RAM) + 0x10000)
                0x2000e000                __StackLimit = (__StackTop - SIZEOF (.stack_dummy))
                0x20010000                PROVIDE (__stack, __StackTop)
                0x00000001                ASSERT ((__StackLimit >= __HeapLimit), region RAM overflowed with stack)
OUTPUT(_build/nrf52832_xxaa.out elf32-littlearm)

.ARM.attributes
                0x00000000       0x30
 .ARM.attributes
                0x00000000       0x22 c:/program files (x86)/gnu tools arm embedded/4.9 2015q3/bin/../lib/gcc/arm-none-eabi/4.9.3/armv7e-m/fpu/crti.o
 .ARM.attributes
                0x00000022       0x34 c:/program files (x86)/gnu tools arm embedded/4.9 2015q3/bin/../lib/gcc/arm-none-eabi/4.9.3/armv7e-m/fpu/crtbegin.o
 .ARM.attributes
                0x00000056       0x20 c:/program files (x86)/gnu tools arm embedded/4.9 2015q3/bin/../lib/gcc/arm-none-eabi/4.9.3/../../../../arm-none-eabi/lib/armv7e-m/fpu/crt0.o
 .ARM.attributes
                0x00000076       0x34 c:/program files (x86)/gnu tools arm embedded/4.9 2015q3/bin/../lib/gcc/arm-none-eabi/4.9.3/../../../../arm-none-eabi/lib/armv7e-m/fpu\libc_nano.a(lib_a-exit.o)
 .ARM.attributes
                0x000000aa       0x34 c:/program files (x86)/gnu tools arm embedded/4.9 2015q3/bin/../lib/gcc/arm-none-eabi/4.9.3/../../../../arm-none-eabi/lib/armv7e-m/fpu\libc_nano.a(lib_a-impure.o)
 .ARM.attributes
                0x000000de       0x34 c:/program files (x86)/gnu tools arm embedded/4.9 2015q3/bin/../lib/gcc/arm-none-eabi/4.9.3/../../../../arm-none-eabi/lib/armv7e-m/fpu\libc_nano.a(lib_a-init.o)
 .ARM.attributes
                0x00000112       0x34 c:/program files (x86)/gnu tools arm embedded/4.9 2015q3/bin/../lib/gcc/arm-none-eabi/4.9.3/../../../../arm-none-eabi/lib/armv7e-m/fpu\libc_nano.a(lib_a-memset.o)
 .ARM.attributes
                0x00000146       0x34 c:/program files (x86)/gnu tools arm embedded/4.9 2015q3/bin/../lib/gcc/arm-none-eabi/4.9.3/../../../../arm-none-eabi/lib/armv7e-m/fpu\libnosys.a(_exit.o)
 .ARM.attributes
                0x0000017a       0x39 _build/system_nrf52.o
 .ARM.attributes
                0x000001b3       0x39 _build/main.o
 .ARM.attributes
                0x000001ec       0x39 _build/app_error.o
 .ARM.attributes
                0x00000225       0x39 _build/app_error_weak.o
 .ARM.attributes
                0x0000025e       0x39 _build/app_fifo.o
 .ARM.attributes
                0x00000297       0x39 _build/retarget.o
 .ARM.attributes
                0x000002d0       0x39 _build/app_uart_fifo.o
 .ARM.attributes
                0x00000309       0x39 _build/nrf_delay.o
 .ARM.attributes
                0x00000342       0x39 _build/nrf_drv_common.o
 .ARM.attributes
                0x0000037b       0x39 _build/nrf_drv_twi.o
 .ARM.attributes
                0x000003b4       0x39 _build/nrf_drv_uart.o
 .ARM.attributes
                0x000003ed       0x1c _build/gcc_startup_nrf52.o
 .ARM.attributes
                0x00000409       0x34 c:/program files (x86)/gnu tools arm embedded/4.9 2015q3/bin/../lib/gcc/arm-none-eabi/4.9.3/../../../../arm-none-eabi/lib/armv7e-m/fpu\libc_nano.a(lib_a-printf.o)
 .ARM.attributes
                0x0000043d       0x34 c:/program files (x86)/gnu tools arm embedded/4.9 2015q3/bin/../lib/gcc/arm-none-eabi/4.9.3/../../../../arm-none-eabi/lib/armv7e-m/fpu\libc_nano.a(lib_a-findfp.o)
 .ARM.attributes
                0x00000471       0x34 c:/program files (x86)/gnu tools arm embedded/4.9 2015q3/bin/../lib/gcc/arm-none-eabi/4.9.3/../../../../arm-none-eabi/lib/armv7e-m/fpu\libc_nano.a(lib_a-fwalk.o)
 .ARM.attributes
                0x000004a5       0x34 c:/program files (x86)/gnu tools arm embedded/4.9 2015q3/bin/../lib/gcc/arm-none-eabi/4.9.3/../../../../arm-none-eabi/lib/armv7e-m/fpu\libc_nano.a(lib_a-nano-mallocr.o)
 .ARM.attributes
                0x000004d9       0x34 c:/program files (x86)/gnu tools arm embedded/4.9 2015q3/bin/../lib/gcc/arm-none-eabi/4.9.3/../../../../arm-none-eabi/lib/armv7e-m/fpu\libc_nano.a(lib_a-nano-vfprintf.o)
 .ARM.attributes
                0x0000050d       0x34 c:/program files (x86)/gnu tools arm embedded/4.9 2015q3/bin/../lib/gcc/arm-none-eabi/4.9.3/../../../../arm-none-eabi/lib/armv7e-m/fpu\libc_nano.a(lib_a-nano-vfprintf_i.o)
 .ARM.attributes
                0x00000541       0x34 c:/program files (x86)/gnu tools arm embedded/4.9 2015q3/bin/../lib/gcc/arm-none-eabi/4.9.3/../../../../arm-none-eabi/lib/armv7e-m/fpu\libc_nano.a(lib_a-sbrkr.o)
 .ARM.attributes
                0x00000575       0x34 c:/program files (x86)/gnu tools arm embedded/4.9 2015q3/bin/../lib/gcc/arm-none-eabi/4.9.3/../../../../arm-none-eabi/lib/armv7e-m/fpu\libc_nano.a(lib_a-stdio.o)
 .ARM.attributes
                0x000005a9       0x34 c:/program files (x86)/gnu tools arm embedded/4.9 2015q3/bin/../lib/gcc/arm-none-eabi/4.9.3/../../../../arm-none-eabi/lib/armv7e-m/fpu\libc_nano.a(lib_a-wbuf.o)
 .ARM.attributes
                0x000005dd       0x34 c:/program files (x86)/gnu tools arm embedded/4.9 2015q3/bin/../lib/gcc/arm-none-eabi/4.9.3/../../../../arm-none-eabi/lib/armv7e-m/fpu\libc_nano.a(lib_a-writer.o)
 .ARM.attributes
                0x00000611       0x34 c:/program files (x86)/gnu tools arm embedded/4.9 2015q3/bin/../lib/gcc/arm-none-eabi/4.9.3/../../../../arm-none-eabi/lib/armv7e-m/fpu\libc_nano.a(lib_a-wsetup.o)
 .ARM.attributes
                0x00000645       0x34 c:/program files (x86)/gnu tools arm embedded/4.9 2015q3/bin/../lib/gcc/arm-none-eabi/4.9.3/../../../../arm-none-eabi/lib/armv7e-m/fpu\libc_nano.a(lib_a-closer.o)
 .ARM.attributes
                0x00000679       0x34 c:/program files (x86)/gnu tools arm embedded/4.9 2015q3/bin/../lib/gcc/arm-none-eabi/4.9.3/../../../../arm-none-eabi/lib/armv7e-m/fpu\libc_nano.a(lib_a-fflush.o)
 .ARM.attributes
                0x000006ad       0x34 c:/program files (x86)/gnu tools arm embedded/4.9 2015q3/bin/../lib/gcc/arm-none-eabi/4.9.3/../../../../arm-none-eabi/lib/armv7e-m/fpu\libc_nano.a(lib_a-lseekr.o)
 .ARM.attributes
                0x000006e1       0x34 c:/program files (x86)/gnu tools arm embedded/4.9 2015q3/bin/../lib/gcc/arm-none-eabi/4.9.3/../../../../arm-none-eabi/lib/armv7e-m/fpu\libc_nano.a(lib_a-makebuf.o)
 .ARM.attributes
                0x00000715       0x34 c:/program files (x86)/gnu tools arm embedded/4.9 2015q3/bin/../lib/gcc/arm-none-eabi/4.9.3/../../../../arm-none-eabi/lib/armv7e-m/fpu\libc_nano.a(lib_a-memchr.o)
 .ARM.attributes
                0x00000749       0x34 c:/program files (x86)/gnu tools arm embedded/4.9 2015q3/bin/../lib/gcc/arm-none-eabi/4.9.3/../../../../arm-none-eabi/lib/armv7e-m/fpu\libc_nano.a(lib_a-nano-freer.o)
 .ARM.attributes
                0x0000077d       0x34 c:/program files (x86)/gnu tools arm embedded/4.9 2015q3/bin/../lib/gcc/arm-none-eabi/4.9.3/../../../../arm-none-eabi/lib/armv7e-m/fpu\libc_nano.a(lib_a-readr.o)
 .ARM.attributes
                0x000007b1       0x34 c:/program files (x86)/gnu tools arm embedded/4.9 2015q3/bin/../lib/gcc/arm-none-eabi/4.9.3/../../../../arm-none-eabi/lib/armv7e-m/fpu\libc_nano.a(lib_a-reent.o)
 .ARM.attributes
                0x000007e5       0x34 c:/program files (x86)/gnu tools arm embedded/4.9 2015q3/bin/../lib/gcc/arm-none-eabi/4.9.3/../../../../arm-none-eabi/lib/armv7e-m/fpu\libc_nano.a(lib_a-fstatr.o)
 .ARM.attributes
                0x00000819       0x34 c:/program files (x86)/gnu tools arm embedded/4.9 2015q3/bin/../lib/gcc/arm-none-eabi/4.9.3/../../../../arm-none-eabi/lib/armv7e-m/fpu\libc_nano.a(lib_a-isattyr.o)
 .ARM.attributes
                0x0000084d       0x34 c:/program files (x86)/gnu tools arm embedded/4.9 2015q3/bin/../lib/gcc/arm-none-eabi/4.9.3/armv7e-m/fpu/crtend.o
 .ARM.attributes
                0x00000881       0x22 c:/program files (x86)/gnu tools arm embedded/4.9 2015q3/bin/../lib/gcc/arm-none-eabi/4.9.3/armv7e-m/fpu/crtn.o
 .ARM.attributes
                0x000008a3       0x34 c:/program files (x86)/gnu tools arm embedded/4.9 2015q3/bin/../lib/gcc/arm-none-eabi/4.9.3/../../../../arm-none-eabi/lib/armv7e-m/fpu\libnosys.a(close.o)
 .ARM.attributes
                0x000008d7       0x34 c:/program files (x86)/gnu tools arm embedded/4.9 2015q3/bin/../lib/gcc/arm-none-eabi/4.9.3/../../../../arm-none-eabi/lib/armv7e-m/fpu\libnosys.a(fstat.o)
 .ARM.attributes
                0x0000090b       0x34 c:/program files (x86)/gnu tools arm embedded/4.9 2015q3/bin/../lib/gcc/arm-none-eabi/4.9.3/../../../../arm-none-eabi/lib/armv7e-m/fpu\libnosys.a(isatty.o)
 .ARM.attributes
                0x0000093f       0x34 c:/program files (x86)/gnu tools arm embedded/4.9 2015q3/bin/../lib/gcc/arm-none-eabi/4.9.3/../../../../arm-none-eabi/lib/armv7e-m/fpu\libnosys.a(lseek.o)
 .ARM.attributes
                0x00000973       0x34 c:/program files (x86)/gnu tools arm embedded/4.9 2015q3/bin/../lib/gcc/arm-none-eabi/4.9.3/../../../../arm-none-eabi/lib/armv7e-m/fpu\libnosys.a(sbrk.o)

.comment        0x00000000       0x70
 .comment       0x00000000       0x70 _build/system_nrf52.o
                                 0x71 (size before relaxing)
 .comment       0x00000000       0x71 _build/main.o
 .comment       0x00000000       0x71 _build/app_error.o
 .comment       0x00000000       0x71 _build/app_error_weak.o
 .comment       0x00000000       0x71 _build/app_fifo.o
 .comment       0x00000000       0x71 _build/retarget.o
 .comment       0x00000000       0x71 _build/app_uart_fifo.o
 .comment       0x00000000       0x71 _build/nrf_delay.o
 .comment       0x00000000       0x71 _build/nrf_drv_common.o
 .comment       0x00000000       0x71 _build/nrf_drv_twi.o
 .comment       0x00000000       0x71 _build/nrf_drv_uart.o

.debug_frame    0x00000000      0xe38
 .debug_frame   0x00000000       0x28 c:/program files (x86)/gnu tools arm embedded/4.9 2015q3/bin/../lib/gcc/arm-none-eabi/4.9.3/../../../../arm-none-eabi/lib/armv7e-m/fpu\libc_nano.a(lib_a-exit.o)
 .debug_frame   0x00000028       0x2c c:/program files (x86)/gnu tools arm embedded/4.9 2015q3/bin/../lib/gcc/arm-none-eabi/4.9.3/../../../../arm-none-eabi/lib/armv7e-m/fpu\libc_nano.a(lib_a-init.o)
 .debug_frame   0x00000054       0x20 c:/program files (x86)/gnu tools arm embedded/4.9 2015q3/bin/../lib/gcc/arm-none-eabi/4.9.3/../../../../arm-none-eabi/lib/armv7e-m/fpu\libc_nano.a(lib_a-memset.o)
 .debug_frame   0x00000074       0x20 c:/program files (x86)/gnu tools arm embedded/4.9 2015q3/bin/../lib/gcc/arm-none-eabi/4.9.3/../../../../arm-none-eabi/lib/armv7e-m/fpu\libnosys.a(_exit.o)
 .debug_frame   0x00000094       0x40 _build/system_nrf52.o
 .debug_frame   0x000000d4       0x70 _build/main.o
 .debug_frame   0x00000144       0x70 _build/app_error.o
 .debug_frame   0x000001b4       0x20 _build/app_error_weak.o
 .debug_frame   0x000001d4       0xfc _build/app_fifo.o
 .debug_frame   0x000002d0       0x44 _build/retarget.o
 .debug_frame   0x00000314       0xd8 _build/app_uart_fifo.o
 .debug_frame   0x000003ec       0x28 _build/nrf_delay.o
 .debug_frame   0x00000414       0x2c _build/nrf_drv_common.o
 .debug_frame   0x00000440      0x170 _build/nrf_drv_twi.o
 .debug_frame   0x000005b0      0x158 _build/nrf_drv_uart.o
 .debug_frame   0x00000708       0x74 c:/program files (x86)/gnu tools arm embedded/4.9 2015q3/bin/../lib/gcc/arm-none-eabi/4.9.3/../../../../arm-none-eabi/lib/armv7e-m/fpu\libc_nano.a(lib_a-printf.o)
 .debug_frame   0x0000077c      0x11c c:/program files (x86)/gnu tools arm embedded/4.9 2015q3/bin/../lib/gcc/arm-none-eabi/4.9.3/../../../../arm-none-eabi/lib/armv7e-m/fpu\libc_nano.a(lib_a-findfp.o)
 .debug_frame   0x00000898       0x54 c:/program files (x86)/gnu tools arm embedded/4.9 2015q3/bin/../lib/gcc/arm-none-eabi/4.9.3/../../../../arm-none-eabi/lib/armv7e-m/fpu\libc_nano.a(lib_a-fwalk.o)
 .debug_frame   0x000008ec       0x2c c:/program files (x86)/gnu tools arm embedded/4.9 2015q3/bin/../lib/gcc/arm-none-eabi/4.9.3/../../../../arm-none-eabi/lib/armv7e-m/fpu\libc_nano.a(lib_a-nano-mallocr.o)
 .debug_frame   0x00000918       0xb8 c:/program files (x86)/gnu tools arm embedded/4.9 2015q3/bin/../lib/gcc/arm-none-eabi/4.9.3/../../../../arm-none-eabi/lib/armv7e-m/fpu\libc_nano.a(lib_a-nano-vfprintf.o)
 .debug_frame   0x000009d0       0x58 c:/program files (x86)/gnu tools arm embedded/4.9 2015q3/bin/../lib/gcc/arm-none-eabi/4.9.3/../../../../arm-none-eabi/lib/armv7e-m/fpu\libc_nano.a(lib_a-nano-vfprintf_i.o)
 .debug_frame   0x00000a28       0x2c c:/program files (x86)/gnu tools arm embedded/4.9 2015q3/bin/../lib/gcc/arm-none-eabi/4.9.3/../../../../arm-none-eabi/lib/armv7e-m/fpu\libc_nano.a(lib_a-sbrkr.o)
 .debug_frame   0x00000a54       0x88 c:/program files (x86)/gnu tools arm embedded/4.9 2015q3/bin/../lib/gcc/arm-none-eabi/4.9.3/../../../../arm-none-eabi/lib/armv7e-m/fpu\libc_nano.a(lib_a-stdio.o)
 .debug_frame   0x00000adc       0x3c c:/program files (x86)/gnu tools arm embedded/4.9 2015q3/bin/../lib/gcc/arm-none-eabi/4.9.3/../../../../arm-none-eabi/lib/armv7e-m/fpu\libc_nano.a(lib_a-wbuf.o)
 .debug_frame   0x00000b18       0x2c c:/program files (x86)/gnu tools arm embedded/4.9 2015q3/bin/../lib/gcc/arm-none-eabi/4.9.3/../../../../arm-none-eabi/lib/armv7e-m/fpu\libc_nano.a(lib_a-writer.o)
 .debug_frame   0x00000b44       0x2c c:/program files (x86)/gnu tools arm embedded/4.9 2015q3/bin/../lib/gcc/arm-none-eabi/4.9.3/../../../../arm-none-eabi/lib/armv7e-m/fpu\libc_nano.a(lib_a-wsetup.o)
 .debug_frame   0x00000b70       0x2c c:/program files (x86)/gnu tools arm embedded/4.9 2015q3/bin/../lib/gcc/arm-none-eabi/4.9.3/../../../../arm-none-eabi/lib/armv7e-m/fpu\libc_nano.a(lib_a-closer.o)
 .debug_frame   0x00000b9c       0x68 c:/program files (x86)/gnu tools arm embedded/4.9 2015q3/bin/../lib/gcc/arm-none-eabi/4.9.3/../../../../arm-none-eabi/lib/armv7e-m/fpu\libc_nano.a(lib_a-fflush.o)
 .debug_frame   0x00000c04       0x2c c:/program files (x86)/gnu tools arm embedded/4.9 2015q3/bin/../lib/gcc/arm-none-eabi/4.9.3/../../../../arm-none-eabi/lib/armv7e-m/fpu\libc_nano.a(lib_a-lseekr.o)
 .debug_frame   0x00000c30       0x34 c:/program files (x86)/gnu tools arm embedded/4.9 2015q3/bin/../lib/gcc/arm-none-eabi/4.9.3/../../../../arm-none-eabi/lib/armv7e-m/fpu\libc_nano.a(lib_a-makebuf.o)
 .debug_frame   0x00000c64       0x28 c:/program files (x86)/gnu tools arm embedded/4.9 2015q3/bin/../lib/gcc/arm-none-eabi/4.9.3/../../../../arm-none-eabi/lib/armv7e-m/fpu\libc_nano.a(lib_a-memchr.o)
 .debug_frame   0x00000c8c       0x2c c:/program files (x86)/gnu tools arm embedded/4.9 2015q3/bin/../lib/gcc/arm-none-eabi/4.9.3/../../../../arm-none-eabi/lib/armv7e-m/fpu\libc_nano.a(lib_a-nano-freer.o)
 .debug_frame   0x00000cb8       0x2c c:/program files (x86)/gnu tools arm embedded/4.9 2015q3/bin/../lib/gcc/arm-none-eabi/4.9.3/../../../../arm-none-eabi/lib/armv7e-m/fpu\libc_nano.a(lib_a-readr.o)
 .debug_frame   0x00000ce4       0x5c c:/program files (x86)/gnu tools arm embedded/4.9 2015q3/bin/../lib/gcc/arm-none-eabi/4.9.3/../../../../arm-none-eabi/lib/armv7e-m/fpu\libc_nano.a(lib_a-reent.o)
 .debug_frame   0x00000d40       0x2c c:/program files (x86)/gnu tools arm embedded/4.9 2015q3/bin/../lib/gcc/arm-none-eabi/4.9.3/../../../../arm-none-eabi/lib/armv7e-m/fpu\libc_nano.a(lib_a-fstatr.o)
 .debug_frame   0x00000d6c       0x2c c:/program files (x86)/gnu tools arm embedded/4.9 2015q3/bin/../lib/gcc/arm-none-eabi/4.9.3/../../../../arm-none-eabi/lib/armv7e-m/fpu\libc_nano.a(lib_a-isattyr.o)
 .debug_frame   0x00000d98       0x20 c:/program files (x86)/gnu tools arm embedded/4.9 2015q3/bin/../lib/gcc/arm-none-eabi/4.9.3/../../../../arm-none-eabi/lib/armv7e-m/fpu\libnosys.a(close.o)
 .debug_frame   0x00000db8       0x20 c:/program files (x86)/gnu tools arm embedded/4.9 2015q3/bin/../lib/gcc/arm-none-eabi/4.9.3/../../../../arm-none-eabi/lib/armv7e-m/fpu\libnosys.a(fstat.o)
 .debug_frame   0x00000dd8       0x20 c:/program files (x86)/gnu tools arm embedded/4.9 2015q3/bin/../lib/gcc/arm-none-eabi/4.9.3/../../../../arm-none-eabi/lib/armv7e-m/fpu\libnosys.a(isatty.o)
 .debug_frame   0x00000df8       0x20 c:/program files (x86)/gnu tools arm embedded/4.9 2015q3/bin/../lib/gcc/arm-none-eabi/4.9.3/../../../../arm-none-eabi/lib/armv7e-m/fpu\libnosys.a(lseek.o)
 .debug_frame   0x00000e18       0x20 c:/program files (x86)/gnu tools arm embedded/4.9 2015q3/bin/../lib/gcc/arm-none-eabi/4.9.3/../../../../arm-none-eabi/lib/armv7e-m/fpu\libnosys.a(sbrk.o)

.debug_info     0x00000000     0xaf16
 .debug_info    0x00000000      0xdc1 _build/system_nrf52.o
 .debug_info    0x00000dc1     0x11d2 _build/main.o
 .debug_info    0x00001f93      0x35b _build/app_error.o
 .debug_info    0x000022ee      0x315 _build/app_error_weak.o
 .debug_info    0x00002603      0x603 _build/app_fifo.o
 .debug_info    0x00002c06      0x9e3 _build/retarget.o
 .debug_info    0x000035e9      0xb67 _build/app_uart_fifo.o
 .debug_info    0x00004150      0x132 _build/nrf_delay.o
 .debug_info    0x00004282      0x5c6 _build/nrf_drv_common.o
 .debug_info    0x00004848     0x2e1f _build/nrf_drv_twi.o
 .debug_info    0x00007667     0x38af _build/nrf_drv_uart.o

.debug_abbrev   0x00000000     0x1820
 .debug_abbrev  0x00000000      0x1d3 _build/system_nrf52.o
 .debug_abbrev  0x000001d3      0x325 _build/main.o
 .debug_abbrev  0x000004f8      0x141 _build/app_error.o
 .debug_abbrev  0x00000639      0x128 _build/app_error_weak.o
 .debug_abbrev  0x00000761      0x18c _build/app_fifo.o
 .debug_abbrev  0x000008ed      0x234 _build/retarget.o
 .debug_abbrev  0x00000b21      0x261 _build/app_uart_fifo.o
 .debug_abbrev  0x00000d82       0xd0 _build/nrf_delay.o
 .debug_abbrev  0x00000e52      0x186 _build/nrf_drv_common.o
 .debug_abbrev  0x00000fd8      0x43b _build/nrf_drv_twi.o
 .debug_abbrev  0x00001413      0x40d _build/nrf_drv_uart.o

.debug_aranges  0x00000000      0x288
 .debug_aranges
                0x00000000       0x28 _build/system_nrf52.o
 .debug_aranges
                0x00000028       0x30 _build/main.o
 .debug_aranges
                0x00000058       0x30 _build/app_error.o
 .debug_aranges
                0x00000088       0x20 _build/app_error_weak.o
 .debug_aranges
                0x000000a8       0x50 _build/app_fifo.o
 .debug_aranges
                0x000000f8       0x28 _build/retarget.o
 .debug_aranges
                0x00000120       0x48 _build/app_uart_fifo.o
 .debug_aranges
                0x00000168       0x20 _build/nrf_delay.o
 .debug_aranges
                0x00000188       0x20 _build/nrf_drv_common.o
 .debug_aranges
                0x000001a8       0x70 _build/nrf_drv_twi.o
 .debug_aranges
                0x00000218       0x70 _build/nrf_drv_uart.o

.debug_ranges   0x00000000     0x14e8
 .debug_ranges  0x00000000       0xf0 _build/system_nrf52.o
 .debug_ranges  0x000000f0       0x90 _build/main.o
 .debug_ranges  0x00000180       0x20 _build/app_error.o
 .debug_ranges  0x000001a0       0x10 _build/app_error_weak.o
 .debug_ranges  0x000001b0      0x128 _build/app_fifo.o
 .debug_ranges  0x000002d8       0x18 _build/retarget.o
 .debug_ranges  0x000002f0       0x80 _build/app_uart_fifo.o
 .debug_ranges  0x00000370       0x10 _build/nrf_delay.o
 .debug_ranges  0x00000380       0x30 _build/nrf_drv_common.o
 .debug_ranges  0x000003b0      0x680 _build/nrf_drv_twi.o
 .debug_ranges  0x00000a30      0xab8 _build/nrf_drv_uart.o

.debug_macro    0x00000000    0x166b5
 .debug_macro   0x00000000       0xe6 _build/system_nrf52.o
 .debug_macro   0x000000e6      0x8e6 _build/system_nrf52.o
 .debug_macro   0x000009cc       0x22 _build/system_nrf52.o
 .debug_macro   0x000009ee       0x44 _build/system_nrf52.o
 .debug_macro   0x00000a32       0xe3 _build/system_nrf52.o
 .debug_macro   0x00000b15       0x22 _build/system_nrf52.o
 .debug_macro   0x00000b37      0x1df _build/system_nrf52.o
 .debug_macro   0x00000d16       0x22 _build/system_nrf52.o
 .debug_macro   0x00000d38       0x1c _build/system_nrf52.o
 .debug_macro   0x00000d54       0x2d _build/system_nrf52.o
 .debug_macro   0x00000d81       0x3b _build/system_nrf52.o
 .debug_macro   0x00000dbc       0x50 _build/system_nrf52.o
 .debug_macro   0x00000e0c      0xe66 _build/system_nrf52.o
 .debug_macro   0x00001c72      0x3a0 _build/system_nrf52.o
 .debug_macro   0x00002012    0x10245 _build/system_nrf52.o
 .debug_macro   0x00012257     0x12c7 _build/system_nrf52.o
 .debug_macro   0x0001351e       0x7c _build/system_nrf52.o
 .debug_macro   0x0001359a       0x1c _build/system_nrf52.o
 .debug_macro   0x000135b6      0x2f1 _build/main.o
 .debug_macro   0x000138a7       0x58 _build/main.o
 .debug_macro   0x000138ff       0x35 _build/main.o
 .debug_macro   0x00013934       0x9c _build/main.o
 .debug_macro   0x000139d0       0x16 _build/main.o
 .debug_macro   0x000139e6       0x4a _build/main.o
 .debug_macro   0x00013a30       0x97 _build/main.o
 .debug_macro   0x00013ac7      0x29d _build/main.o
 .debug_macro   0x00013d64       0xef _build/main.o
 .debug_macro   0x00013e53       0x10 _build/main.o
 .debug_macro   0x00013e63       0x52 _build/main.o
 .debug_macro   0x00013eb5       0x16 _build/main.o
 .debug_macro   0x00013ecb       0x43 _build/main.o
 .debug_macro   0x00013f0e      0x180 _build/main.o
 .debug_macro   0x0001408e       0x10 _build/main.o
 .debug_macro   0x0001409e       0x22 _build/main.o
 .debug_macro   0x000140c0       0xbe _build/main.o
 .debug_macro   0x0001417e       0x16 _build/main.o
 .debug_macro   0x00014194      0x197 _build/main.o
 .debug_macro   0x0001432b       0x35 _build/main.o
 .debug_macro   0x00014360      0x280 _build/main.o
 .debug_macro   0x000145e0       0x22 _build/main.o
 .debug_macro   0x00014602       0x8e _build/main.o
 .debug_macro   0x00014690       0x70 _build/main.o
 .debug_macro   0x00014700      0x11e _build/main.o
 .debug_macro   0x0001481e       0x52 _build/main.o
 .debug_macro   0x00014870       0x6d _build/main.o
 .debug_macro   0x000148dd       0xbb _build/main.o
 .debug_macro   0x00014998       0x2b _build/main.o
 .debug_macro   0x000149c3       0x60 _build/main.o
 .debug_macro   0x00014a23       0x1e _build/main.o
 .debug_macro   0x00014a41      0x1b0 _build/main.o
 .debug_macro   0x00014bf1       0x58 _build/main.o
 .debug_macro   0x00014c49      0x228 _build/app_error.o
 .debug_macro   0x00014e71       0x67 _build/app_error.o
 .debug_macro   0x00014ed8      0x222 _build/app_error_weak.o
 .debug_macro   0x000150fa      0x212 _build/app_fifo.o
 .debug_macro   0x0001530c       0x16 _build/app_fifo.o
 .debug_macro   0x00015322      0x10e _build/app_fifo.o
 .debug_macro   0x00015430       0x7f _build/app_fifo.o
 .debug_macro   0x000154af       0x16 _build/app_fifo.o
 .debug_macro   0x000154c5       0x29 _build/app_fifo.o
 .debug_macro   0x000154ee       0x16 _build/app_fifo.o
 .debug_macro   0x00015504       0x35 _build/app_fifo.o
 .debug_macro   0x00015539       0x28 _build/app_fifo.o
 .debug_macro   0x00015561       0x22 _build/app_fifo.o
 .debug_macro   0x00015583       0x37 _build/app_fifo.o
 .debug_macro   0x000155ba      0x248 _build/retarget.o
 .debug_macro   0x00015802       0x18 _build/retarget.o
 .debug_macro   0x0001581a      0x314 _build/app_uart_fifo.o
 .debug_macro   0x00015b2e       0x10 _build/app_uart_fifo.o
 .debug_macro   0x00015b3e      0x1c2 _build/nrf_delay.o
 .debug_macro   0x00015d00      0x271 _build/nrf_drv_common.o
 .debug_macro   0x00015f71      0x166 _build/nrf_drv_common.o
 .debug_macro   0x000160d7      0x2ea _build/nrf_drv_twi.o
 .debug_macro   0x000163c1       0x10 _build/nrf_drv_twi.o
 .debug_macro   0x000163d1       0x10 _build/nrf_drv_twi.o
 .debug_macro   0x000163e1      0x2d4 _build/nrf_drv_uart.o

.debug_line     0x00000000     0x56cb
 .debug_line    0x00000000      0x48e _build/system_nrf52.o
 .debug_line    0x0000048e      0x8ad _build/main.o
 .debug_line    0x00000d3b      0x570 _build/app_error.o
 .debug_line    0x000012ab      0x537 _build/app_error_weak.o
 .debug_line    0x000017e2      0x6a5 _build/app_fifo.o
 .debug_line    0x00001e87      0x5ae _build/retarget.o
 .debug_line    0x00002435      0x8b8 _build/app_uart_fifo.o
 .debug_line    0x00002ced      0x47a _build/nrf_delay.o
 .debug_line    0x00003167      0x69b _build/nrf_drv_common.o
 .debug_line    0x00003802      0xef3 _build/nrf_drv_twi.o
 .debug_line    0x000046f5      0xfd6 _build/nrf_drv_uart.o

.debug_str      0x00000000    0x758af
 .debug_str     0x00000000    0x6bc34 _build/system_nrf52.o
                              0x6c698 (size before relaxing)
 .debug_str     0x0006bc34     0x6b16 _build/main.o
                              0x72edf (size before relaxing)
 .debug_str     0x0007274a      0x10d _build/app_error.o
                              0x70ae5 (size before relaxing)
 .debug_str     0x00072857       0x4f _build/app_error_weak.o
                              0x70a5f (size before relaxing)
 .debug_str     0x000728a6      0x577 _build/app_fifo.o
                              0x6fc77 (size before relaxing)
 .debug_str     0x00072e1d      0x3ee _build/retarget.o
                              0x71204 (size before relaxing)
 .debug_str     0x0007320b      0x6a3 _build/app_uart_fifo.o
                              0x722e1 (size before relaxing)
 .debug_str     0x000738ae       0x7a _build/nrf_delay.o
                              0x6f326 (size before relaxing)
 .debug_str     0x00073928      0x2ce _build/nrf_drv_common.o
                              0x715a3 (size before relaxing)
 .debug_str     0x00073bf6      0xbc5 _build/nrf_drv_twi.o
                              0x72c57 (size before relaxing)
 .debug_str     0x000747bb     0x10f4 _build/nrf_drv_uart.o
                              0x72f60 (size before relaxing)

.debug_loc      0x00000000     0x4dad
 .debug_loc     0x00000000      0x14c _build/main.o
 .debug_loc     0x0000014c      0x145 _build/app_error.o
 .debug_loc     0x00000291       0x42 _build/app_error_weak.o
 .debug_loc     0x000002d3      0x647 _build/app_fifo.o
 .debug_loc     0x0000091a       0xf4 _build/retarget.o
 .debug_loc     0x00000a0e      0x46d _build/app_uart_fifo.o
 .debug_loc     0x00000e7b       0x37 _build/nrf_delay.o
 .debug_loc     0x00000eb2       0xd6 _build/nrf_drv_common.o
 .debug_loc     0x00000f88     0x1c39 _build/nrf_drv_twi.o
 .debug_loc     0x00002bc1     0x21ec _build/nrf_drv_uart.o

.stab           0x00000000       0x6c
 .stab          0x00000000       0x24 c:/program files (x86)/gnu tools arm embedded/4.9 2015q3/bin/../lib/gcc/arm-none-eabi/4.9.3/../../../../arm-none-eabi/lib/armv7e-m/fpu\libnosys.a(close.o)
 .stab          0x00000024       0x18 c:/program files (x86)/gnu tools arm embedded/4.9 2015q3/bin/../lib/gcc/arm-none-eabi/4.9.3/../../../../arm-none-eabi/lib/armv7e-m/fpu\libnosys.a(fstat.o)
                                 0x24 (size before relaxing)
 .stab          0x0000003c       0x18 c:/program files (x86)/gnu tools arm embedded/4.9 2015q3/bin/../lib/gcc/arm-none-eabi/4.9.3/../../../../arm-none-eabi/lib/armv7e-m/fpu\libnosys.a(isatty.o)
                                 0x24 (size before relaxing)
 .stab          0x00000054       0x18 c:/program files (x86)/gnu tools arm embedded/4.9 2015q3/bin/../lib/gcc/arm-none-eabi/4.9.3/../../../../arm-none-eabi/lib/armv7e-m/fpu\libnosys.a(lseek.o)
                                 0x24 (size before relaxing)

.stabstr        0x00000000       0xe3
 .stabstr       0x00000000       0xe3 c:/program files (x86)/gnu tools arm embedded/4.9 2015q3/bin/../lib/gcc/arm-none-eabi/4.9.3/../../../../arm-none-eabi/lib/armv7e-m/fpu\libnosys.a(close.o)
